Copyright 1986-2016 Xilinx, Inc. All Rights Reserved.
-----------------------------------------------------------------------------------------------
| Tool Version : Vivado v.2016.4 (lin64) Build 1756540 Mon Jan 23 19:11:19 MST 2017
| Date         : Mon Oct  9 12:46:46 2017
| Host         : uwlogin.cern.ch running 64-bit Scientific Linux CERN SLC release 6.9 (Carbon)
| Command      : report_clock_utilization -file ctp7_top_clock_utilization_routed.rpt
| Design       : ctp7_top
| Device       : 7vx690t-ffg1927
| Speed File   : -2  PRODUCTION 1.11 2014-09-11
-----------------------------------------------------------------------------------------------

Clock Utilization Report

Table of Contents
-----------------
1. Clock Primitive Utilization
2. Global Clock Resources
3. Global Clock Source Details
4. Clock Regions: Key Resource Utilization
5. Clock Regions : Global Clock Summary
6. Cell Type Counts per Global Clock: Region X0Y1
7. Cell Type Counts per Global Clock: Region X1Y1
8. Cell Type Counts per Global Clock: Region X0Y2
9. Cell Type Counts per Global Clock: Region X1Y2
10. Cell Type Counts per Global Clock: Region X0Y3
11. Cell Type Counts per Global Clock: Region X1Y3
12. Cell Type Counts per Global Clock: Region X0Y4
13. Cell Type Counts per Global Clock: Region X1Y4
14. Cell Type Counts per Global Clock: Region X0Y5
15. Cell Type Counts per Global Clock: Region X1Y5
16. Cell Type Counts per Global Clock: Region X0Y6
17. Cell Type Counts per Global Clock: Region X1Y6
18. Cell Type Counts per Global Clock: Region X0Y7
19. Cell Type Counts per Global Clock: Region X1Y7
20. Cell Type Counts per Global Clock: Region X0Y9
21. Load Cell Placement Summary for Global Clock g0
22. Load Cell Placement Summary for Global Clock g1
23. Load Cell Placement Summary for Global Clock g2
24. Load Cell Placement Summary for Global Clock g3
25. Load Cell Placement Summary for Global Clock g4
26. Load Cell Placement Summary for Global Clock g5
27. Load Cell Placement Summary for Global Clock g6
28. Load Cell Placement Summary for Global Clock g7
29. Load Cell Placement Summary for Global Clock g8

1. Clock Primitive Utilization
------------------------------

+----------+------+-----------+-----+--------------+--------+
| Type     | Used | Available | LOC | Clock Region | Pblock |
+----------+------+-----------+-----+--------------+--------+
| BUFGCTRL |    6 |        32 |   0 |            0 |      0 |
| BUFH     |    3 |       240 |   0 |            0 |      0 |
| BUFIO    |    0 |        80 |   0 |            0 |      0 |
| BUFMR    |    0 |        40 |   0 |            0 |      0 |
| BUFR     |    0 |        80 |   0 |            0 |      0 |
| MMCM     |    2 |        20 |   0 |            0 |      0 |
| PLL      |    0 |        20 |   0 |            0 |      0 |
+----------+------+-----------+-----+--------------+--------+


2. Global Clock Resources
-------------------------

+-----------+-----------+-----------------+------------+----------------+--------------+------+-------------------+-------------------+-------------+-----------------+--------------+-------------------------------------------------------------------------+---------------------------------------------------------------------------------------------------------------------------------------------------------------+--------------------------------------------------------------------------------------------------------------------------------------------------------------+
| Global Id | Source Id | Driver Type/Pin | Constraint | Site           | Clock Region | Root | Clock Delay Group | Load Clock Region | Clock Loads | Non-Clock Loads | Clock Period | Clock                                                                   | Driver Pin                                                                                                                                                    | Net                                                                                                                                                          |
+-----------+-----------+-----------------+------------+----------------+--------------+------+-------------------+-------------------+-------------+-----------------+--------------+-------------------------------------------------------------------------+---------------------------------------------------------------------------------------------------------------------------------------------------------------+--------------------------------------------------------------------------------------------------------------------------------------------------------------+
| g0        | src0      | BUFGCTRL/O      | None       | BUFGCTRL_X0Y19 | n/a          |      |                   |                14 |       96959 |               0 |        4.167 | clk_out4_v7_bd_clk_wiz_0_0                                              | i_v7_bd/clk_wiz_0/inst/clkout4_buf/O                                                                                                                          | i_v7_bd/clk_wiz_0/inst/clk_out4                                                                                                                              |
| g1        | src0      | BUFH/O          | None       | BUFHCE_X0Y110  | X0Y9         |      |                   |                 1 |           8 |               0 |        4.167 | clk_out4_v7_bd_clk_wiz_0_0                                              | i_v7_bd/clk_wiz_0/inst/clkout4_buf_en/O                                                                                                                       | i_v7_bd/clk_wiz_0/inst/clk_out4_v7_bd_clk_wiz_0_0_en_clk                                                                                                     |
| g2        | src0      | BUFGCTRL/O      | None       | BUFGCTRL_X0Y16 | n/a          |      |                   |                 8 |        2915 |               0 |       20.000 | clk_out3_v7_bd_clk_wiz_0_0                                              | i_v7_bd/clk_wiz_0/inst/clkout3_buf/O                                                                                                                          | i_v7_bd/clk_wiz_0/inst/clk_out3                                                                                                                              |
| g3        | src0      | BUFH/O          | None       | BUFHCE_X0Y109  | X0Y9         |      |                   |                 1 |           8 |               0 |       20.000 | clk_out3_v7_bd_clk_wiz_0_0                                              | i_v7_bd/clk_wiz_0/inst/clkout3_buf_en/O                                                                                                                       | i_v7_bd/clk_wiz_0/inst/clk_out3_v7_bd_clk_wiz_0_0_en_clk                                                                                                     |
| g4        | src1      | BUFG/O          | None       | BUFGCTRL_X0Y17 | n/a          |      |                   |                 2 |        1423 |               0 |        3.333 | clk_out                                                                 | i_v7_bd/axi_chip2chip_0/inst/slave_fpga_gen.axi_chip2chip_slave_phy_inst/slave_sio_phy.axi_chip2chip_sio_input_inst/axi_chip2chip_clk_gen_inst/bufg_inst/O    | i_v7_bd/axi_chip2chip_0/inst/slave_fpga_gen.axi_chip2chip_slave_phy_inst/slave_sio_phy.axi_chip2chip_sio_input_inst/axi_chip2chip_clk_gen_inst/CLK           |
| g5        | src2      | BUFG/O          | None       | BUFGCTRL_X0Y0  | n/a          |      |                   |                 3 |         365 |               0 |       33.000 | dbg_hub/inst/SWITCH_N_EXT_BSCAN.bscan_inst/SERIES7_BSCAN.bscan_inst/TCK | dbg_hub/inst/SWITCH_N_EXT_BSCAN.u_bufg_icon_tck/O                                                                                                             | dbg_hub/inst/itck_i                                                                                                                                          |
| g6        | src0      | BUFH/O          | None       | BUFHCE_X0Y108  | X0Y9         |      |                   |                 1 |           8 |               0 |        5.000 | clk_out1_v7_bd_clk_wiz_0_0                                              | i_v7_bd/clk_wiz_0/inst/clkout1_buf_en/O                                                                                                                       | i_v7_bd/clk_wiz_0/inst/clk_out1_v7_bd_clk_wiz_0_0_en_clk                                                                                                     |
| g7        | src0      | BUFGCTRL/O      | None       | BUFGCTRL_X0Y18 | n/a          |      |                   |                 1 |           1 |               0 |        5.000 | clk_out1_v7_bd_clk_wiz_0_0                                              | i_v7_bd/clk_wiz_0/inst/clkout1_buf/O                                                                                                                          | i_v7_bd/clk_wiz_0/inst/clk_out1                                                                                                                              |
| g8        | src1      | BUFG/O          | None       | BUFGCTRL_X0Y20 | n/a          |      |                   |                 1 |           1 |               0 |        3.333 | clkfbout                                                                | i_v7_bd/axi_chip2chip_0/inst/slave_fpga_gen.axi_chip2chip_slave_phy_inst/slave_sio_phy.axi_chip2chip_sio_input_inst/axi_chip2chip_clk_gen_inst/fb_bufg_inst/O | i_v7_bd/axi_chip2chip_0/inst/slave_fpga_gen.axi_chip2chip_slave_phy_inst/slave_sio_phy.axi_chip2chip_sio_input_inst/axi_chip2chip_clk_gen_inst/clkfbout_bufg |
+-----------+-----------+-----------------+------------+----------------+--------------+------+-------------------+-------------------+-------------+-----------------+--------------+-------------------------------------------------------------------------+---------------------------------------------------------------------------------------------------------------------------------------------------------------+--------------------------------------------------------------------------------------------------------------------------------------------------------------+
* Clock Loads column represents the clock pin loads (pin count)
** Non-Clock Loads column represents the non-clock pin loads (pin count)


3. Global Clock Source Details
------------------------------

+-----------+-----------+---------------------+------------+-----------------+--------------+-------------+-----------------+---------------------+-------------------------------------------------------------------------+----------------------------------------------------------------------------------------------------------------------------------------------------------------------------------+---------------------------------------------------------------------------------------------------------------------------------------------------------+
| Source Id | Global Id | Driver Type/Pin     | Constraint | Site            | Clock Region | Clock Loads | Non-Clock Loads | Source Clock Period | Source Clock                                                            | Driver Pin                                                                                                                                                                       | Net                                                                                                                                                     |
+-----------+-----------+---------------------+------------+-----------------+--------------+-------------+-----------------+---------------------+-------------------------------------------------------------------------+----------------------------------------------------------------------------------------------------------------------------------------------------------------------------------+---------------------------------------------------------------------------------------------------------------------------------------------------------+
| src0      | g6, g7    | MMCME2_ADV/CLKOUT0  | None       | MMCME2_ADV_X0Y9 | X0Y9         |           2 |               0 |               5.000 | clk_out1_v7_bd_clk_wiz_0_0                                              | i_v7_bd/clk_wiz_0/inst/mmcm_adv_inst/CLKOUT0                                                                                                                                     | i_v7_bd/clk_wiz_0/inst/clk_out1_v7_bd_clk_wiz_0_0                                                                                                       |
| src0      | g2, g3    | MMCME2_ADV/CLKOUT2  | None       | MMCME2_ADV_X0Y9 | X0Y9         |           2 |               0 |              20.000 | clk_out3_v7_bd_clk_wiz_0_0                                              | i_v7_bd/clk_wiz_0/inst/mmcm_adv_inst/CLKOUT2                                                                                                                                     | i_v7_bd/clk_wiz_0/inst/clk_out3_v7_bd_clk_wiz_0_0                                                                                                       |
| src0      | g0, g1    | MMCME2_ADV/CLKOUT3  | None       | MMCME2_ADV_X0Y9 | X0Y9         |           2 |               0 |               4.167 | clk_out4_v7_bd_clk_wiz_0_0                                              | i_v7_bd/clk_wiz_0/inst/mmcm_adv_inst/CLKOUT3                                                                                                                                     | i_v7_bd/clk_wiz_0/inst/clk_out4_v7_bd_clk_wiz_0_0                                                                                                       |
| src1      | g4        | MMCME2_ADV/CLKOUT0  | None       | MMCME2_ADV_X0Y6 | X0Y6         |           1 |               0 |               3.333 | clk_out                                                                 | i_v7_bd/axi_chip2chip_0/inst/slave_fpga_gen.axi_chip2chip_slave_phy_inst/slave_sio_phy.axi_chip2chip_sio_input_inst/axi_chip2chip_clk_gen_inst/gen_mmcme2.mmcm_adv_inst/CLKOUT0  | i_v7_bd/axi_chip2chip_0/inst/slave_fpga_gen.axi_chip2chip_slave_phy_inst/slave_sio_phy.axi_chip2chip_sio_input_inst/axi_chip2chip_clk_gen_inst/clk_out  |
| src1      | g8        | MMCME2_ADV/CLKFBOUT | None       | MMCME2_ADV_X0Y6 | X0Y6         |           1 |               0 |               3.333 | clkfbout                                                                | i_v7_bd/axi_chip2chip_0/inst/slave_fpga_gen.axi_chip2chip_slave_phy_inst/slave_sio_phy.axi_chip2chip_sio_input_inst/axi_chip2chip_clk_gen_inst/gen_mmcme2.mmcm_adv_inst/CLKFBOUT | i_v7_bd/axi_chip2chip_0/inst/slave_fpga_gen.axi_chip2chip_slave_phy_inst/slave_sio_phy.axi_chip2chip_sio_input_inst/axi_chip2chip_clk_gen_inst/clkfbout |
| src2      | g5        | BSCANE2/TCK         | None       | BSCAN_X0Y0      | X0Y4         |           1 |               0 |              33.000 | dbg_hub/inst/SWITCH_N_EXT_BSCAN.bscan_inst/SERIES7_BSCAN.bscan_inst/TCK | dbg_hub/inst/SWITCH_N_EXT_BSCAN.bscan_inst/SERIES7_BSCAN.bscan_inst/TCK                                                                                                          | dbg_hub/inst/SWITCH_N_EXT_BSCAN.bscan_inst/tck_bs                                                                                                       |
+-----------+-----------+---------------------+------------+-----------------+--------------+-------------+-----------------+---------------------+-------------------------------------------------------------------------+----------------------------------------------------------------------------------------------------------------------------------------------------------------------------------+---------------------------------------------------------------------------------------------------------------------------------------------------------+
* Clock Loads column represents the clock pin loads (pin count)
** Non-Clock Loads column represents the non-clock pin loads (pin count)


4. Clock Regions: Key Resource Utilization
------------------------------------------

+-------------------+--------------+--------------+--------------+--------------+--------------+--------------+--------------+--------------+--------------+--------------+---------------+--------------+--------------+--------------+--------------+
|                   | Global Clock |     BUFRs    |    BUFMRs    |    BUFIOs    |     MMCM     |      PLL     |      GT      |      PCI     |    ILOGIC    |    OLOGIC    |       FF      |     LUTM     |    RAMB18    |    RAMB36    |    DSP48E2   |
+-------------------+------+-------+------+-------+------+-------+------+-------+------+-------+------+-------+------+-------+------+-------+------+-------+------+-------+-------+-------+------+-------+------+-------+------+-------+------+-------+
| Clock Region Name | Used | Avail | Used | Avail | Used | Avail | Used | Avail | Used | Avail | Used | Avail | Used | Avail | Used | Avail | Used | Avail | Used | Avail | Used  | Avail | Used | Avail | Used | Avail | Used | Avail | Used | Avail |
+-------------------+------+-------+------+-------+------+-------+------+-------+------+-------+------+-------+------+-------+------+-------+------+-------+------+-------+-------+-------+------+-------+------+-------+------+-------+------+-------+
| X0Y0              |    0 |    12 |    0 |     4 |    0 |     2 |    0 |     4 |    0 |     1 |    0 |     1 |    0 |     4 |    0 |     0 |    0 |    50 |    0 |    50 |     0 |  5300 |    0 |  1850 |    0 |   140 |    0 |    70 |    0 |   140 |
| X1Y0              |    0 |    12 |    0 |     4 |    0 |     2 |    0 |     4 |    0 |     1 |    0 |     1 |    0 |     4 |    0 |     0 |    0 |    50 |    0 |    50 |     0 |  5800 |    0 |  2550 |    0 |   160 |    0 |    80 |    0 |   220 |
| X0Y1              |    2 |    12 |    0 |     4 |    0 |     2 |    0 |     4 |    0 |     1 |    0 |     1 |    0 |     4 |    0 |     0 |    0 |    50 |    0 |    50 |  2911 |  5300 | 1007 |  1850 |    0 |   140 |   15 |    70 |    0 |   140 |
| X1Y1              |    1 |    12 |    0 |     4 |    0 |     2 |    0 |     4 |    0 |     1 |    0 |     1 |    0 |     4 |    0 |     0 |    0 |    50 |    0 |    50 |  3502 |  5550 | 2103 |  2475 |    0 |   150 |   20 |    75 |    0 |   220 |
| X0Y2              |    3 |    12 |    0 |     4 |    0 |     2 |    0 |     4 |    0 |     1 |    0 |     1 |    0 |     4 |    0 |     0 |    0 |    50 |    0 |    50 |  6187 |  5300 | 2321 |  1850 |    0 |   140 |   40 |    70 |    0 |   140 |
| X1Y2              |    2 |    12 |    0 |     4 |    0 |     2 |    0 |     4 |    0 |     1 |    0 |     1 |    0 |     4 |    0 |     1 |    0 |    50 |    0 |    50 | 14999 |  5550 | 7720 |  2475 |    0 |   150 |   31 |    75 |   17 |   220 |
| X0Y3              |    3 |    12 |    0 |     4 |    0 |     2 |    0 |     4 |    0 |     1 |    0 |     1 |    0 |     4 |    0 |     0 |    0 |    50 |    0 |    50 |  6876 |  5300 | 2162 |  1850 |    0 |   140 |   48 |    70 |    0 |   140 |
| X1Y3              |    2 |    12 |    0 |     4 |    0 |     2 |    0 |     4 |    0 |     1 |    0 |     1 |    0 |     4 |    0 |     0 |    0 |    50 |    0 |    50 | 15394 |  5800 | 8069 |  2550 |    0 |   160 |    8 |    80 |   65 |   220 |
| X0Y4              |    2 |    12 |    0 |     4 |    0 |     2 |    0 |     4 |    0 |     1 |    0 |     1 |    0 |     4 |    0 |     0 |    0 |    50 |    0 |    50 |  7871 |  4700 | 3344 |  1850 |    0 |   140 |    2 |    70 |   56 |   140 |
| X1Y4              |    1 |    12 |    0 |     4 |    0 |     2 |    0 |     4 |    0 |     1 |    0 |     1 |    0 |     4 |    0 |     0 |    0 |    50 |    0 |    50 | 11053 |  5550 | 5446 |  2475 |    0 |   150 |    0 |    75 |   25 |   220 |
| X0Y5              |    3 |    12 |    0 |     4 |    0 |     2 |    0 |     4 |    0 |     1 |    0 |     1 |    0 |     4 |    0 |     0 |    0 |    50 |    0 |    50 |  5877 |  4700 | 2092 |  1850 |    0 |   140 |    1 |    70 |    0 |   140 |
| X1Y5              |    2 |    12 |    0 |     4 |    0 |     2 |    0 |     4 |    0 |     1 |    0 |     1 |    0 |     4 |    0 |     1 |    0 |    50 |    0 |    50 |  9837 |  5550 | 5337 |  2475 |    0 |   150 |    0 |    75 |   22 |   220 |
| X0Y6              |    5 |    12 |    0 |     4 |    0 |     2 |    0 |     4 |    1 |     1 |    0 |     1 |    0 |     4 |    0 |     0 |   17 |    50 |   18 |    50 |  3722 |  5300 | 1134 |  1850 |    0 |   140 |    0 |    70 |    0 |   140 |
| X1Y6              |    1 |    12 |    0 |     4 |    0 |     2 |    0 |     4 |    0 |     1 |    0 |     1 |    0 |     4 |    0 |     0 |    0 |    50 |    0 |    50 |  5567 |  5800 | 2855 |  2550 |    0 |   160 |    0 |    80 |   21 |   220 |
| X0Y7              |    1 |    12 |    0 |     4 |    0 |     2 |    0 |     4 |    0 |     1 |    0 |     1 |    0 |     4 |    0 |     0 |    0 |    50 |    0 |    50 |   990 |  5300 |  334 |  1850 |    0 |   140 |    0 |    70 |    0 |   140 |
| X1Y7              |    1 |    12 |    0 |     4 |    0 |     2 |    0 |     4 |    0 |     1 |    0 |     1 |    0 |     4 |    0 |     0 |    0 |    50 |    0 |    50 |  2505 |  5550 | 1437 |  2475 |    0 |   150 |    0 |    75 |    1 |   220 |
| X0Y8              |    0 |    12 |    0 |     4 |    0 |     2 |    0 |     4 |    0 |     1 |    0 |     1 |    0 |     4 |    0 |     0 |    0 |    50 |    0 |    50 |     0 |  5300 |    0 |  1850 |    0 |   140 |    0 |    70 |    0 |   140 |
| X1Y8              |    0 |    12 |    0 |     4 |    0 |     2 |    0 |     4 |    0 |     1 |    0 |     1 |    0 |     4 |    0 |     1 |    0 |    50 |    0 |    50 |     0 |  5550 |    0 |  2475 |    0 |   150 |    0 |    75 |    0 |   220 |
| X0Y9              |    3 |    12 |    0 |     4 |    0 |     2 |    0 |     4 |    0 |     1 |    0 |     1 |    0 |     4 |    0 |     0 |    0 |    50 |    0 |    50 |    24 |  5300 |    8 |  1850 |    0 |   140 |    0 |    70 |    0 |   140 |
| X1Y9              |    0 |    12 |    0 |     4 |    0 |     2 |    0 |     4 |    0 |     1 |    0 |     1 |    0 |     4 |    0 |     0 |    0 |    50 |    0 |    50 |     0 |  5800 |    0 |  2550 |    0 |   160 |    0 |    80 |    0 |   220 |
+-------------------+------+-------+------+-------+------+-------+------+-------+------+-------+------+-------+------+-------+------+-------+------+-------+------+-------+-------+-------+------+-------+------+-------+------+-------+------+-------+
* Global Clock column represents track count; while other columns represents cell counts


5. Clock Regions : Global Clock Summary
---------------------------------------

+----+----+----+
|    | X0 | X1 |
+----+----+----+
| Y9 |  3 |  0 |
| Y8 |  0 |  0 |
| Y7 |  1 |  1 |
| Y6 |  5 |  1 |
| Y5 |  3 |  2 |
| Y4 |  2 |  1 |
| Y3 |  3 |  2 |
| Y2 |  3 |  2 |
| Y1 |  2 |  1 |
| Y0 |  0 |  0 |
+----+----+----+


6. Cell Type Counts per Global Clock: Region X0Y1
-------------------------------------------------

+-----------+-------+-----------------+------------+-------------+-----------------+------+--------+------+-----+----+------+-----+---------+---------------------------------+
| Global Id | Track | Driver Type/Pin | Constraint | Clock Loads | Non-Clock Loads | FF   | LUTRAM | RAMB | DSP | GT | MMCM | PLL | Hard IP | Net                             |
+-----------+-------+-----------------+------------+-------------+-----------------+------+--------+------+-----+----+------+-----+---------+---------------------------------+
| g0        | n/a   | BUFGCTRL/O      | None       |        2904 |               0 | 2672 |    217 |   15 |   0 |  0 |    0 |   0 |       0 | i_v7_bd/clk_wiz_0/inst/clk_out4 |
| g5        | n/a   | BUFG/O          | None       |         239 |               0 |  239 |      0 |    0 |   0 |  0 |    0 |   0 |       0 | dbg_hub/inst/itck_i             |
+-----------+-------+-----------------+------------+-------------+-----------------+------+--------+------+-----+----+------+-----+---------+---------------------------------+
* Clock Loads column represents the clock pin loads (pin count)
** Non-Clock Loads column represents the non-clock pin loads (pin count)
*** Columns FF, LUTRAM, RAMB through 'Hard IP' represents load cell counts


7. Cell Type Counts per Global Clock: Region X1Y1
-------------------------------------------------

+-----------+-------+-----------------+------------+-------------+-----------------+------+--------+------+-----+----+------+-----+---------+---------------------------------+
| Global Id | Track | Driver Type/Pin | Constraint | Clock Loads | Non-Clock Loads | FF   | LUTRAM | RAMB | DSP | GT | MMCM | PLL | Hard IP | Net                             |
+-----------+-------+-----------------+------------+-------------+-----------------+------+--------+------+-----+----+------+-----+---------+---------------------------------+
| g0        | n/a   | BUFGCTRL/O      | None       |        3879 |               0 | 3502 |    357 |   20 |   0 |  0 |    0 |   0 |       0 | i_v7_bd/clk_wiz_0/inst/clk_out4 |
+-----------+-------+-----------------+------------+-------------+-----------------+------+--------+------+-----+----+------+-----+---------+---------------------------------+
* Clock Loads column represents the clock pin loads (pin count)
** Non-Clock Loads column represents the non-clock pin loads (pin count)
*** Columns FF, LUTRAM, RAMB through 'Hard IP' represents load cell counts


8. Cell Type Counts per Global Clock: Region X0Y2
-------------------------------------------------

+-----------+-------+-----------------+------------+-------------+-----------------+------+--------+------+-----+----+------+-----+---------+---------------------------------+
| Global Id | Track | Driver Type/Pin | Constraint | Clock Loads | Non-Clock Loads | FF   | LUTRAM | RAMB | DSP | GT | MMCM | PLL | Hard IP | Net                             |
+-----------+-------+-----------------+------------+-------------+-----------------+------+--------+------+-----+----+------+-----+---------+---------------------------------+
| g0        | n/a   | BUFGCTRL/O      | None       |        6506 |               0 | 6131 |    335 |   40 |   0 |  0 |    0 |   0 |       0 | i_v7_bd/clk_wiz_0/inst/clk_out4 |
| g2        | n/a   | BUFGCTRL/O      | None       |          31 |               0 |    0 |      0 |   31 |   0 |  0 |    0 |   0 |       0 | i_v7_bd/clk_wiz_0/inst/clk_out3 |
| g5        | n/a   | BUFG/O          | None       |          56 |               0 |   56 |      0 |    0 |   0 |  0 |    0 |   0 |       0 | dbg_hub/inst/itck_i             |
+-----------+-------+-----------------+------------+-------------+-----------------+------+--------+------+-----+----+------+-----+---------+---------------------------------+
* Clock Loads column represents the clock pin loads (pin count)
** Non-Clock Loads column represents the non-clock pin loads (pin count)
*** Columns FF, LUTRAM, RAMB through 'Hard IP' represents load cell counts


9. Cell Type Counts per Global Clock: Region X1Y2
-------------------------------------------------

+-----------+-------+-----------------+------------+-------------+-----------------+-------+--------+------+-----+----+------+-----+---------+---------------------------------+
| Global Id | Track | Driver Type/Pin | Constraint | Clock Loads | Non-Clock Loads | FF    | LUTRAM | RAMB | DSP | GT | MMCM | PLL | Hard IP | Net                             |
+-----------+-------+-----------------+------------+-------------+-----------------+-------+--------+------+-----+----+------+-----+---------+---------------------------------+
| g0        | n/a   | BUFGCTRL/O      | None       |       15430 |               0 | 14967 |    415 |   31 |  17 |  0 |    0 |   0 |       0 | i_v7_bd/clk_wiz_0/inst/clk_out4 |
| g2        | n/a   | BUFGCTRL/O      | None       |          58 |               0 |    32 |      0 |   26 |   0 |  0 |    0 |   0 |       0 | i_v7_bd/clk_wiz_0/inst/clk_out3 |
+-----------+-------+-----------------+------------+-------------+-----------------+-------+--------+------+-----+----+------+-----+---------+---------------------------------+
* Clock Loads column represents the clock pin loads (pin count)
** Non-Clock Loads column represents the non-clock pin loads (pin count)
*** Columns FF, LUTRAM, RAMB through 'Hard IP' represents load cell counts


10. Cell Type Counts per Global Clock: Region X0Y3
--------------------------------------------------

+-----------+-------+-----------------+------------+-------------+-----------------+------+--------+------+-----+----+------+-----+---------+---------------------------------+
| Global Id | Track | Driver Type/Pin | Constraint | Clock Loads | Non-Clock Loads | FF   | LUTRAM | RAMB | DSP | GT | MMCM | PLL | Hard IP | Net                             |
+-----------+-------+-----------------+------------+-------------+-----------------+------+--------+------+-----+----+------+-----+---------+---------------------------------+
| g0        | n/a   | BUFGCTRL/O      | None       |        5232 |               0 | 5184 |      0 |   48 |   0 |  0 |    0 |   0 |       0 | i_v7_bd/clk_wiz_0/inst/clk_out4 |
| g2        | n/a   | BUFGCTRL/O      | None       |        1673 |               0 | 1625 |      0 |   48 |   0 |  0 |    0 |   0 |       0 | i_v7_bd/clk_wiz_0/inst/clk_out3 |
| g5        | n/a   | BUFG/O          | None       |          67 |               0 |   67 |      0 |    0 |   0 |  0 |    0 |   0 |       0 | dbg_hub/inst/itck_i             |
+-----------+-------+-----------------+------------+-------------+-----------------+------+--------+------+-----+----+------+-----+---------+---------------------------------+
* Clock Loads column represents the clock pin loads (pin count)
** Non-Clock Loads column represents the non-clock pin loads (pin count)
*** Columns FF, LUTRAM, RAMB through 'Hard IP' represents load cell counts


11. Cell Type Counts per Global Clock: Region X1Y3
--------------------------------------------------

+-----------+-------+-----------------+------------+-------------+-----------------+-------+--------+------+-----+----+------+-----+---------+---------------------------------+
| Global Id | Track | Driver Type/Pin | Constraint | Clock Loads | Non-Clock Loads | FF    | LUTRAM | RAMB | DSP | GT | MMCM | PLL | Hard IP | Net                             |
+-----------+-------+-----------------+------------+-------------+-----------------+-------+--------+------+-----+----+------+-----+---------+---------------------------------+
| g0        | n/a   | BUFGCTRL/O      | None       |       16163 |               0 | 15394 |    696 |    8 |  65 |  0 |    0 |   0 |       0 | i_v7_bd/clk_wiz_0/inst/clk_out4 |
| g2        | n/a   | BUFGCTRL/O      | None       |           8 |               0 |     0 |      0 |    8 |   0 |  0 |    0 |   0 |       0 | i_v7_bd/clk_wiz_0/inst/clk_out3 |
+-----------+-------+-----------------+------------+-------------+-----------------+-------+--------+------+-----+----+------+-----+---------+---------------------------------+
* Clock Loads column represents the clock pin loads (pin count)
** Non-Clock Loads column represents the non-clock pin loads (pin count)
*** Columns FF, LUTRAM, RAMB through 'Hard IP' represents load cell counts


12. Cell Type Counts per Global Clock: Region X0Y4
--------------------------------------------------

+-----------+-------+-----------------+------------+-------------+-----------------+------+--------+------+-----+----+------+-----+---------+---------------------------------+
| Global Id | Track | Driver Type/Pin | Constraint | Clock Loads | Non-Clock Loads | FF   | LUTRAM | RAMB | DSP | GT | MMCM | PLL | Hard IP | Net                             |
+-----------+-------+-----------------+------------+-------------+-----------------+------+--------+------+-----+----+------+-----+---------+---------------------------------+
| g0        | n/a   | BUFGCTRL/O      | None       |        7722 |               0 | 7576 |     88 |    2 |  56 |  0 |    0 |   0 |       0 | i_v7_bd/clk_wiz_0/inst/clk_out4 |
| g2        | n/a   | BUFGCTRL/O      | None       |         297 |               0 |  295 |      0 |    2 |   0 |  0 |    0 |   0 |       0 | i_v7_bd/clk_wiz_0/inst/clk_out3 |
+-----------+-------+-----------------+------------+-------------+-----------------+------+--------+------+-----+----+------+-----+---------+---------------------------------+
* Clock Loads column represents the clock pin loads (pin count)
** Non-Clock Loads column represents the non-clock pin loads (pin count)
*** Columns FF, LUTRAM, RAMB through 'Hard IP' represents load cell counts


13. Cell Type Counts per Global Clock: Region X1Y4
--------------------------------------------------

+-----------+-------+-----------------+------------+-------------+-----------------+-------+--------+------+-----+----+------+-----+---------+---------------------------------+
| Global Id | Track | Driver Type/Pin | Constraint | Clock Loads | Non-Clock Loads | FF    | LUTRAM | RAMB | DSP | GT | MMCM | PLL | Hard IP | Net                             |
+-----------+-------+-----------------+------------+-------------+-----------------+-------+--------+------+-----+----+------+-----+---------+---------------------------------+
| g0        | n/a   | BUFGCTRL/O      | None       |       11387 |               0 | 11053 |    309 |    0 |  25 |  0 |    0 |   0 |       0 | i_v7_bd/clk_wiz_0/inst/clk_out4 |
+-----------+-------+-----------------+------------+-------------+-----------------+-------+--------+------+-----+----+------+-----+---------+---------------------------------+
* Clock Loads column represents the clock pin loads (pin count)
** Non-Clock Loads column represents the non-clock pin loads (pin count)
*** Columns FF, LUTRAM, RAMB through 'Hard IP' represents load cell counts


14. Cell Type Counts per Global Clock: Region X0Y5
--------------------------------------------------

+-----------+-------+-----------------+------------+-------------+-----------------+------+--------+------+-----+----+------+-----+---------+----------------------------------------------------------------------------------------------------------------------------------------------------+
| Global Id | Track | Driver Type/Pin | Constraint | Clock Loads | Non-Clock Loads | FF   | LUTRAM | RAMB | DSP | GT | MMCM | PLL | Hard IP | Net                                                                                                                                                |
+-----------+-------+-----------------+------------+-------------+-----------------+------+--------+------+-----+----+------+-----+---------+----------------------------------------------------------------------------------------------------------------------------------------------------+
| g0        | n/a   | BUFGCTRL/O      | None       |        4237 |               0 | 4221 |     16 |    0 |   0 |  0 |    0 |   0 |       0 | i_v7_bd/clk_wiz_0/inst/clk_out4                                                                                                                    |
| g2        | n/a   | BUFGCTRL/O      | None       |         724 |               0 |  721 |      1 |    1 |   0 |  0 |    0 |   0 |       0 | i_v7_bd/clk_wiz_0/inst/clk_out3                                                                                                                    |
| g4        | n/a   | BUFG/O          | None       |         936 |               0 |  935 |      0 |    1 |   0 |  0 |    0 |   0 |       0 | i_v7_bd/axi_chip2chip_0/inst/slave_fpga_gen.axi_chip2chip_slave_phy_inst/slave_sio_phy.axi_chip2chip_sio_input_inst/axi_chip2chip_clk_gen_inst/CLK |
+-----------+-------+-----------------+------------+-------------+-----------------+------+--------+------+-----+----+------+-----+---------+----------------------------------------------------------------------------------------------------------------------------------------------------+
* Clock Loads column represents the clock pin loads (pin count)
** Non-Clock Loads column represents the non-clock pin loads (pin count)
*** Columns FF, LUTRAM, RAMB through 'Hard IP' represents load cell counts


15. Cell Type Counts per Global Clock: Region X1Y5
--------------------------------------------------

+-----------+-------+-----------------+------------+-------------+-----------------+------+--------+------+-----+----+------+-----+---------+---------------------------------+
| Global Id | Track | Driver Type/Pin | Constraint | Clock Loads | Non-Clock Loads | FF   | LUTRAM | RAMB | DSP | GT | MMCM | PLL | Hard IP | Net                             |
+-----------+-------+-----------------+------------+-------------+-----------------+------+--------+------+-----+----+------+-----+---------+---------------------------------+
| g0        | n/a   | BUFGCTRL/O      | None       |       10251 |               0 | 9834 |    395 |    0 |  22 |  0 |    0 |   0 |       0 | i_v7_bd/clk_wiz_0/inst/clk_out4 |
| g2        | n/a   | BUFGCTRL/O      | None       |           3 |               0 |    3 |      0 |    0 |   0 |  0 |    0 |   0 |       0 | i_v7_bd/clk_wiz_0/inst/clk_out3 |
+-----------+-------+-----------------+------------+-------------+-----------------+------+--------+------+-----+----+------+-----+---------+---------------------------------+
* Clock Loads column represents the clock pin loads (pin count)
** Non-Clock Loads column represents the non-clock pin loads (pin count)
*** Columns FF, LUTRAM, RAMB through 'Hard IP' represents load cell counts


16. Cell Type Counts per Global Clock: Region X0Y6
--------------------------------------------------

+-----------+-------+-----------------+------------+-------------+-----------------+------+--------+------+-----+----+------+-----+---------+--------------------------------------------------------------------------------------------------------------------------------------------------------------+
| Global Id | Track | Driver Type/Pin | Constraint | Clock Loads | Non-Clock Loads | FF   | LUTRAM | RAMB | DSP | GT | MMCM | PLL | Hard IP | Net                                                                                                                                                          |
+-----------+-------+-----------------+------------+-------------+-----------------+------+--------+------+-----+----+------+-----+---------+--------------------------------------------------------------------------------------------------------------------------------------------------------------+
| g0        | n/a   | BUFGCTRL/O      | None       |        3212 |               0 | 3192 |     20 |    0 |   0 |  0 |    0 |   0 |       0 | i_v7_bd/clk_wiz_0/inst/clk_out4                                                                                                                              |
| g2        | n/a   | BUFGCTRL/O      | None       |         101 |               0 |  101 |      0 |    0 |   0 |  0 |    0 |   0 |       0 | i_v7_bd/clk_wiz_0/inst/clk_out3                                                                                                                              |
| g4        | n/a   | BUFG/O          | None       |         483 |               0 |  429 |      2 |    0 |   0 |  0 |    0 |   0 |       0 | i_v7_bd/axi_chip2chip_0/inst/slave_fpga_gen.axi_chip2chip_slave_phy_inst/slave_sio_phy.axi_chip2chip_sio_input_inst/axi_chip2chip_clk_gen_inst/CLK           |
| g8        | n/a   | BUFG/O          | None       |           1 |               0 |    0 |      0 |    0 |   0 |  0 |    1 |   0 |       0 | i_v7_bd/axi_chip2chip_0/inst/slave_fpga_gen.axi_chip2chip_slave_phy_inst/slave_sio_phy.axi_chip2chip_sio_input_inst/axi_chip2chip_clk_gen_inst/clkfbout_bufg |
| g7        | n/a   | BUFGCTRL/O      | None       |           1 |               0 |    0 |      0 |    0 |   0 |  0 |    0 |   0 |       0 | i_v7_bd/clk_wiz_0/inst/clk_out1                                                                                                                              |
+-----------+-------+-----------------+------------+-------------+-----------------+------+--------+------+-----+----+------+-----+---------+--------------------------------------------------------------------------------------------------------------------------------------------------------------+
* Clock Loads column represents the clock pin loads (pin count)
** Non-Clock Loads column represents the non-clock pin loads (pin count)
*** Columns FF, LUTRAM, RAMB through 'Hard IP' represents load cell counts


17. Cell Type Counts per Global Clock: Region X1Y6
--------------------------------------------------

+-----------+-------+-----------------+------------+-------------+-----------------+------+--------+------+-----+----+------+-----+---------+---------------------------------+
| Global Id | Track | Driver Type/Pin | Constraint | Clock Loads | Non-Clock Loads | FF   | LUTRAM | RAMB | DSP | GT | MMCM | PLL | Hard IP | Net                             |
+-----------+-------+-----------------+------------+-------------+-----------------+------+--------+------+-----+----+------+-----+---------+---------------------------------+
| g0        | n/a   | BUFGCTRL/O      | None       |        5674 |               0 | 5567 |     86 |    0 |  21 |  0 |    0 |   0 |       0 | i_v7_bd/clk_wiz_0/inst/clk_out4 |
+-----------+-------+-----------------+------------+-------------+-----------------+------+--------+------+-----+----+------+-----+---------+---------------------------------+
* Clock Loads column represents the clock pin loads (pin count)
** Non-Clock Loads column represents the non-clock pin loads (pin count)
*** Columns FF, LUTRAM, RAMB through 'Hard IP' represents load cell counts


18. Cell Type Counts per Global Clock: Region X0Y7
--------------------------------------------------

+-----------+-------+-----------------+------------+-------------+-----------------+-----+--------+------+-----+----+------+-----+---------+---------------------------------+
| Global Id | Track | Driver Type/Pin | Constraint | Clock Loads | Non-Clock Loads | FF  | LUTRAM | RAMB | DSP | GT | MMCM | PLL | Hard IP | Net                             |
+-----------+-------+-----------------+------------+-------------+-----------------+-----+--------+------+-----+----+------+-----+---------+---------------------------------+
| g0        | n/a   | BUFGCTRL/O      | None       |         990 |               0 | 990 |      0 |    0 |   0 |  0 |    0 |   0 |       0 | i_v7_bd/clk_wiz_0/inst/clk_out4 |
+-----------+-------+-----------------+------------+-------------+-----------------+-----+--------+------+-----+----+------+-----+---------+---------------------------------+
* Clock Loads column represents the clock pin loads (pin count)
** Non-Clock Loads column represents the non-clock pin loads (pin count)
*** Columns FF, LUTRAM, RAMB through 'Hard IP' represents load cell counts


19. Cell Type Counts per Global Clock: Region X1Y7
--------------------------------------------------

+-----------+-------+-----------------+------------+-------------+-----------------+------+--------+------+-----+----+------+-----+---------+---------------------------------+
| Global Id | Track | Driver Type/Pin | Constraint | Clock Loads | Non-Clock Loads | FF   | LUTRAM | RAMB | DSP | GT | MMCM | PLL | Hard IP | Net                             |
+-----------+-------+-----------------+------------+-------------+-----------------+------+--------+------+-----+----+------+-----+---------+---------------------------------+
| g0        | n/a   | BUFGCTRL/O      | None       |        2508 |               0 | 2505 |      2 |    0 |   1 |  0 |    0 |   0 |       0 | i_v7_bd/clk_wiz_0/inst/clk_out4 |
+-----------+-------+-----------------+------------+-------------+-----------------+------+--------+------+-----+----+------+-----+---------+---------------------------------+
* Clock Loads column represents the clock pin loads (pin count)
** Non-Clock Loads column represents the non-clock pin loads (pin count)
*** Columns FF, LUTRAM, RAMB through 'Hard IP' represents load cell counts


20. Cell Type Counts per Global Clock: Region X0Y9
--------------------------------------------------

+-----------+-------+-----------------+------------+-------------+-----------------+----+--------+------+-----+----+------+-----+---------+----------------------------------------------------------+
| Global Id | Track | Driver Type/Pin | Constraint | Clock Loads | Non-Clock Loads | FF | LUTRAM | RAMB | DSP | GT | MMCM | PLL | Hard IP | Net                                                      |
+-----------+-------+-----------------+------------+-------------+-----------------+----+--------+------+-----+----+------+-----+---------+----------------------------------------------------------+
| g6        | n/a   | BUFH/O          | None       |           8 |               0 |  8 |      0 |    0 |   0 |  0 |    0 |   0 |       0 | i_v7_bd/clk_wiz_0/inst/clk_out1_v7_bd_clk_wiz_0_0_en_clk |
| g3        | n/a   | BUFH/O          | None       |           8 |               0 |  8 |      0 |    0 |   0 |  0 |    0 |   0 |       0 | i_v7_bd/clk_wiz_0/inst/clk_out3_v7_bd_clk_wiz_0_0_en_clk |
| g1        | n/a   | BUFH/O          | None       |           8 |               0 |  8 |      0 |    0 |   0 |  0 |    0 |   0 |       0 | i_v7_bd/clk_wiz_0/inst/clk_out4_v7_bd_clk_wiz_0_0_en_clk |
+-----------+-------+-----------------+------------+-------------+-----------------+----+--------+------+-----+----+------+-----+---------+----------------------------------------------------------+
* Clock Loads column represents the clock pin loads (pin count)
** Non-Clock Loads column represents the non-clock pin loads (pin count)
*** Columns FF, LUTRAM, RAMB through 'Hard IP' represents load cell counts


21. Load Cell Placement Summary for Global Clock g0
---------------------------------------------------

+-----------+-----------------+-------------------+----------------------------+-------------+---------------+----------+-------------+----------+----------------+----------+---------------------------------+
| Global Id | Driver Type/Pin | Driver Region (D) | Clock                      | Period (ns) | Waveform (ns) | Root (R) | Slice Loads | IO Loads | Clocking Loads | GT Loads | Net                             |
+-----------+-----------------+-------------------+----------------------------+-------------+---------------+----------+-------------+----------+----------------+----------+---------------------------------+
| g0        | BUFGCTRL/O      | n/a               | clk_out4_v7_bd_clk_wiz_0_0 |       4.167 | {0.000 2.083} |          |       96095 |        0 |              0 |        0 | i_v7_bd/clk_wiz_0/inst/clk_out4 |
+-----------+-----------------+-------------------+----------------------------+-------------+---------------+----------+-------------+----------+----------------+----------+---------------------------------+
* Slice Loads column represents load cell count of all cell types other than IO, GT and clock resources
** IO Loads column represents load cell count of IO types
*** Clocking Loads column represents load cell count that are clock resources (global clock buffer, MMCM, PLL, etc)
**** GT Loads column represents load cell count of GT types


+----+-------+--------+
|    | X0    | X1     |
+----+-------+--------+
| Y9 |     0 |      0 |
| Y8 |     0 |      0 |
| Y7 |   990 |   2508 |
| Y6 |  3212 |   5674 |
| Y5 |  4237 |  10251 |
| Y4 |  7722 |  11387 |
| Y3 |  5232 |  16163 |
| Y2 |  6506 |  15430 |
| Y1 |  2904 |   3879 |
| Y0 |     0 |      0 |
+----+-------+--------+


22. Load Cell Placement Summary for Global Clock g1
---------------------------------------------------

+-----------+-----------------+-------------------+----------------------------+-------------+---------------+----------+-------------+----------+----------------+----------+----------------------------------------------------------+
| Global Id | Driver Type/Pin | Driver Region (D) | Clock                      | Period (ns) | Waveform (ns) | Root (R) | Slice Loads | IO Loads | Clocking Loads | GT Loads | Net                                                      |
+-----------+-----------------+-------------------+----------------------------+-------------+---------------+----------+-------------+----------+----------------+----------+----------------------------------------------------------+
| g1        | BUFH/O          | X0Y9              | clk_out4_v7_bd_clk_wiz_0_0 |       4.167 | {0.000 2.083} |          |           8 |        0 |              0 |        0 | i_v7_bd/clk_wiz_0/inst/clk_out4_v7_bd_clk_wiz_0_0_en_clk |
+-----------+-----------------+-------------------+----------------------------+-------------+---------------+----------+-------------+----------+----------------+----------+----------------------------------------------------------+
* Slice Loads column represents load cell count of all cell types other than IO, GT and clock resources
** IO Loads column represents load cell count of IO types
*** Clocking Loads column represents load cell count that are clock resources (global clock buffer, MMCM, PLL, etc)
**** GT Loads column represents load cell count of GT types


+----+--------+----+
|    | X0     | X1 |
+----+--------+----+
| Y9 |  (D) 8 |  0 |
| Y8 |      0 |  0 |
| Y7 |      0 |  0 |
| Y6 |      0 |  0 |
| Y5 |      0 |  0 |
| Y4 |      0 |  0 |
| Y3 |      0 |  0 |
| Y2 |      0 |  0 |
| Y1 |      0 |  0 |
| Y0 |      0 |  0 |
+----+--------+----+


23. Load Cell Placement Summary for Global Clock g2
---------------------------------------------------

+-----------+-----------------+-------------------+----------------------------+-------------+----------------+----------+-------------+----------+----------------+----------+---------------------------------+
| Global Id | Driver Type/Pin | Driver Region (D) | Clock                      | Period (ns) | Waveform (ns)  | Root (R) | Slice Loads | IO Loads | Clocking Loads | GT Loads | Net                             |
+-----------+-----------------+-------------------+----------------------------+-------------+----------------+----------+-------------+----------+----------------+----------+---------------------------------+
| g2        | BUFGCTRL/O      | n/a               | clk_out3_v7_bd_clk_wiz_0_0 |      20.000 | {0.000 10.000} |          |        2895 |        0 |              0 |        0 | i_v7_bd/clk_wiz_0/inst/clk_out3 |
+-----------+-----------------+-------------------+----------------------------+-------------+----------------+----------+-------------+----------+----------------+----------+---------------------------------+
* Slice Loads column represents load cell count of all cell types other than IO, GT and clock resources
** IO Loads column represents load cell count of IO types
*** Clocking Loads column represents load cell count that are clock resources (global clock buffer, MMCM, PLL, etc)
**** GT Loads column represents load cell count of GT types


+----+-------+-----+
|    | X0    | X1  |
+----+-------+-----+
| Y9 |     0 |   0 |
| Y8 |     0 |   0 |
| Y7 |     0 |   0 |
| Y6 |   101 |   0 |
| Y5 |   724 |   3 |
| Y4 |   297 |   0 |
| Y3 |  1673 |   8 |
| Y2 |    31 |  58 |
| Y1 |     0 |   0 |
| Y0 |     0 |   0 |
+----+-------+-----+


24. Load Cell Placement Summary for Global Clock g3
---------------------------------------------------

+-----------+-----------------+-------------------+----------------------------+-------------+----------------+----------+-------------+----------+----------------+----------+----------------------------------------------------------+
| Global Id | Driver Type/Pin | Driver Region (D) | Clock                      | Period (ns) | Waveform (ns)  | Root (R) | Slice Loads | IO Loads | Clocking Loads | GT Loads | Net                                                      |
+-----------+-----------------+-------------------+----------------------------+-------------+----------------+----------+-------------+----------+----------------+----------+----------------------------------------------------------+
| g3        | BUFH/O          | X0Y9              | clk_out3_v7_bd_clk_wiz_0_0 |      20.000 | {0.000 10.000} |          |           8 |        0 |              0 |        0 | i_v7_bd/clk_wiz_0/inst/clk_out3_v7_bd_clk_wiz_0_0_en_clk |
+-----------+-----------------+-------------------+----------------------------+-------------+----------------+----------+-------------+----------+----------------+----------+----------------------------------------------------------+
* Slice Loads column represents load cell count of all cell types other than IO, GT and clock resources
** IO Loads column represents load cell count of IO types
*** Clocking Loads column represents load cell count that are clock resources (global clock buffer, MMCM, PLL, etc)
**** GT Loads column represents load cell count of GT types


+----+--------+----+
|    | X0     | X1 |
+----+--------+----+
| Y9 |  (D) 8 |  0 |
| Y8 |      0 |  0 |
| Y7 |      0 |  0 |
| Y6 |      0 |  0 |
| Y5 |      0 |  0 |
| Y4 |      0 |  0 |
| Y3 |      0 |  0 |
| Y2 |      0 |  0 |
| Y1 |      0 |  0 |
| Y0 |      0 |  0 |
+----+--------+----+


25. Load Cell Placement Summary for Global Clock g4
---------------------------------------------------

+-----------+-----------------+-------------------+---------+-------------+---------------+----------+-------------+----------+----------------+----------+----------------------------------------------------------------------------------------------------------------------------------------------------+
| Global Id | Driver Type/Pin | Driver Region (D) | Clock   | Period (ns) | Waveform (ns) | Root (R) | Slice Loads | IO Loads | Clocking Loads | GT Loads | Net                                                                                                                                                |
+-----------+-----------------+-------------------+---------+-------------+---------------+----------+-------------+----------+----------------+----------+----------------------------------------------------------------------------------------------------------------------------------------------------+
| g4        | BUFG/O          | n/a               | clk_out |       3.333 | {0.833 2.500} |          |        1419 |        0 |              0 |        0 | i_v7_bd/axi_chip2chip_0/inst/slave_fpga_gen.axi_chip2chip_slave_phy_inst/slave_sio_phy.axi_chip2chip_sio_input_inst/axi_chip2chip_clk_gen_inst/CLK |
+-----------+-----------------+-------------------+---------+-------------+---------------+----------+-------------+----------+----------------+----------+----------------------------------------------------------------------------------------------------------------------------------------------------+
* Slice Loads column represents load cell count of all cell types other than IO, GT and clock resources
** IO Loads column represents load cell count of IO types
*** Clocking Loads column represents load cell count that are clock resources (global clock buffer, MMCM, PLL, etc)
**** GT Loads column represents load cell count of GT types


+----+------+----+
|    | X0   | X1 |
+----+------+----+
| Y9 |    0 |  0 |
| Y8 |    0 |  0 |
| Y7 |    0 |  0 |
| Y6 |  483 |  0 |
| Y5 |  936 |  0 |
| Y4 |    0 |  0 |
| Y3 |    0 |  0 |
| Y2 |    0 |  0 |
| Y1 |    0 |  0 |
| Y0 |    0 |  0 |
+----+------+----+


26. Load Cell Placement Summary for Global Clock g5
---------------------------------------------------

+-----------+-----------------+-------------------+-------------------------------------------------------------------------+-------------+----------------+----------+-------------+----------+----------------+----------+---------------------+
| Global Id | Driver Type/Pin | Driver Region (D) | Clock                                                                   | Period (ns) | Waveform (ns)  | Root (R) | Slice Loads | IO Loads | Clocking Loads | GT Loads | Net                 |
+-----------+-----------------+-------------------+-------------------------------------------------------------------------+-------------+----------------+----------+-------------+----------+----------------+----------+---------------------+
| g5        | BUFG/O          | n/a               | dbg_hub/inst/SWITCH_N_EXT_BSCAN.bscan_inst/SERIES7_BSCAN.bscan_inst/TCK |      33.000 | {0.000 16.500} |          |         362 |        0 |              0 |        0 | dbg_hub/inst/itck_i |
+-----------+-----------------+-------------------+-------------------------------------------------------------------------+-------------+----------------+----------+-------------+----------+----------------+----------+---------------------+
* Slice Loads column represents load cell count of all cell types other than IO, GT and clock resources
** IO Loads column represents load cell count of IO types
*** Clocking Loads column represents load cell count that are clock resources (global clock buffer, MMCM, PLL, etc)
**** GT Loads column represents load cell count of GT types


+----+------+----+
|    | X0   | X1 |
+----+------+----+
| Y9 |    0 |  0 |
| Y8 |    0 |  0 |
| Y7 |    0 |  0 |
| Y6 |    0 |  0 |
| Y5 |    0 |  0 |
| Y4 |    0 |  0 |
| Y3 |   67 |  0 |
| Y2 |   56 |  0 |
| Y1 |  239 |  0 |
| Y0 |    0 |  0 |
+----+------+----+


27. Load Cell Placement Summary for Global Clock g6
---------------------------------------------------

+-----------+-----------------+-------------------+----------------------------+-------------+---------------+----------+-------------+----------+----------------+----------+----------------------------------------------------------+
| Global Id | Driver Type/Pin | Driver Region (D) | Clock                      | Period (ns) | Waveform (ns) | Root (R) | Slice Loads | IO Loads | Clocking Loads | GT Loads | Net                                                      |
+-----------+-----------------+-------------------+----------------------------+-------------+---------------+----------+-------------+----------+----------------+----------+----------------------------------------------------------+
| g6        | BUFH/O          | X0Y9              | clk_out1_v7_bd_clk_wiz_0_0 |       5.000 | {0.000 2.500} |          |           8 |        0 |              0 |        0 | i_v7_bd/clk_wiz_0/inst/clk_out1_v7_bd_clk_wiz_0_0_en_clk |
+-----------+-----------------+-------------------+----------------------------+-------------+---------------+----------+-------------+----------+----------------+----------+----------------------------------------------------------+
* Slice Loads column represents load cell count of all cell types other than IO, GT and clock resources
** IO Loads column represents load cell count of IO types
*** Clocking Loads column represents load cell count that are clock resources (global clock buffer, MMCM, PLL, etc)
**** GT Loads column represents load cell count of GT types


+----+--------+----+
|    | X0     | X1 |
+----+--------+----+
| Y9 |  (D) 8 |  0 |
| Y8 |      0 |  0 |
| Y7 |      0 |  0 |
| Y6 |      0 |  0 |
| Y5 |      0 |  0 |
| Y4 |      0 |  0 |
| Y3 |      0 |  0 |
| Y2 |      0 |  0 |
| Y1 |      0 |  0 |
| Y0 |      0 |  0 |
+----+--------+----+


28. Load Cell Placement Summary for Global Clock g7
---------------------------------------------------

+-----------+-----------------+-------------------+----------------------------+-------------+---------------+----------+-------------+----------+----------------+----------+---------------------------------+
| Global Id | Driver Type/Pin | Driver Region (D) | Clock                      | Period (ns) | Waveform (ns) | Root (R) | Slice Loads | IO Loads | Clocking Loads | GT Loads | Net                             |
+-----------+-----------------+-------------------+----------------------------+-------------+---------------+----------+-------------+----------+----------------+----------+---------------------------------+
| g7        | BUFGCTRL/O      | n/a               | clk_out1_v7_bd_clk_wiz_0_0 |       5.000 | {0.000 2.500} |          |           1 |        0 |              0 |        0 | i_v7_bd/clk_wiz_0/inst/clk_out1 |
+-----------+-----------------+-------------------+----------------------------+-------------+---------------+----------+-------------+----------+----------------+----------+---------------------------------+
* Slice Loads column represents load cell count of all cell types other than IO, GT and clock resources
** IO Loads column represents load cell count of IO types
*** Clocking Loads column represents load cell count that are clock resources (global clock buffer, MMCM, PLL, etc)
**** GT Loads column represents load cell count of GT types


+----+----+----+
|    | X0 | X1 |
+----+----+----+
| Y9 |  0 |  0 |
| Y8 |  0 |  0 |
| Y7 |  0 |  0 |
| Y6 |  1 |  0 |
| Y5 |  0 |  0 |
| Y4 |  0 |  0 |
| Y3 |  0 |  0 |
| Y2 |  0 |  0 |
| Y1 |  0 |  0 |
| Y0 |  0 |  0 |
+----+----+----+


29. Load Cell Placement Summary for Global Clock g8
---------------------------------------------------

+-----------+-----------------+-------------------+----------+-------------+---------------+----------+-------------+----------+----------------+----------+--------------------------------------------------------------------------------------------------------------------------------------------------------------+
| Global Id | Driver Type/Pin | Driver Region (D) | Clock    | Period (ns) | Waveform (ns) | Root (R) | Slice Loads | IO Loads | Clocking Loads | GT Loads | Net                                                                                                                                                          |
+-----------+-----------------+-------------------+----------+-------------+---------------+----------+-------------+----------+----------------+----------+--------------------------------------------------------------------------------------------------------------------------------------------------------------+
| g8        | BUFG/O          | n/a               | clkfbout |       3.333 | {0.000 1.666} |          |           0 |        0 |              1 |        0 | i_v7_bd/axi_chip2chip_0/inst/slave_fpga_gen.axi_chip2chip_slave_phy_inst/slave_sio_phy.axi_chip2chip_sio_input_inst/axi_chip2chip_clk_gen_inst/clkfbout_bufg |
+-----------+-----------------+-------------------+----------+-------------+---------------+----------+-------------+----------+----------------+----------+--------------------------------------------------------------------------------------------------------------------------------------------------------------+
* Slice Loads column represents load cell count of all cell types other than IO, GT and clock resources
** IO Loads column represents load cell count of IO types
*** Clocking Loads column represents load cell count that are clock resources (global clock buffer, MMCM, PLL, etc)
**** GT Loads column represents load cell count of GT types


+----+----+----+
|    | X0 | X1 |
+----+----+----+
| Y9 |  0 |  0 |
| Y8 |  0 |  0 |
| Y7 |  0 |  0 |
| Y6 |  1 |  0 |
| Y5 |  0 |  0 |
| Y4 |  0 |  0 |
| Y3 |  0 |  0 |
| Y2 |  0 |  0 |
| Y1 |  0 |  0 |
| Y0 |  0 |  0 |
+----+----+----+



# Location of BUFG Primitives 
set_property LOC BUFGCTRL_X0Y19 [get_cells i_v7_bd/clk_wiz_0/inst/clkout4_buf]
set_property LOC BUFGCTRL_X0Y16 [get_cells i_v7_bd/clk_wiz_0/inst/clkout3_buf]
set_property LOC BUFGCTRL_X0Y18 [get_cells i_v7_bd/clk_wiz_0/inst/clkout1_buf]
set_property LOC BUFGCTRL_X0Y20 [get_cells i_v7_bd/axi_chip2chip_0/inst/slave_fpga_gen.axi_chip2chip_slave_phy_inst/slave_sio_phy.axi_chip2chip_sio_input_inst/axi_chip2chip_clk_gen_inst/fb_bufg_inst]
set_property LOC BUFGCTRL_X0Y17 [get_cells i_v7_bd/axi_chip2chip_0/inst/slave_fpga_gen.axi_chip2chip_slave_phy_inst/slave_sio_phy.axi_chip2chip_sio_input_inst/axi_chip2chip_clk_gen_inst/bufg_inst]
set_property LOC BUFGCTRL_X0Y0 [get_cells dbg_hub/inst/SWITCH_N_EXT_BSCAN.u_bufg_icon_tck]

# Location of BUFH Primitives 
set_property LOC BUFHCE_X0Y110 [get_cells i_v7_bd/clk_wiz_0/inst/clkout4_buf_en]
set_property LOC BUFHCE_X0Y109 [get_cells i_v7_bd/clk_wiz_0/inst/clkout3_buf_en]
set_property LOC BUFHCE_X0Y108 [get_cells i_v7_bd/clk_wiz_0/inst/clkout1_buf_en]

# Location of IO Primitives which is load of clock spine

# Location of clock ports
set_property LOC IOB_X0Y326 [get_ports axi_c2c_zynq_to_v7_clk]
set_property LOC IOB_X0Y475 [get_ports clk_200_diff_in_clk_n]
set_property LOC IOB_X0Y476 [get_ports clk_200_diff_in_clk_p]

# Clock net "i_v7_bd/clk_wiz_0/inst/clk_out4_v7_bd_clk_wiz_0_0_en_clk" driven by instance "i_v7_bd/clk_wiz_0/inst/clkout4_buf_en" located at site "BUFHCE_X0Y110"
#startgroup
create_pblock {CLKAG_i_v7_bd/clk_wiz_0/inst/clk_out4_v7_bd_clk_wiz_0_0_en_clk}
add_cells_to_pblock [get_pblocks  {CLKAG_i_v7_bd/clk_wiz_0/inst/clk_out4_v7_bd_clk_wiz_0_0_en_clk}] [get_cells -filter { PRIMITIVE_GROUP != I/O && IS_PRIMITIVE==1 && PRIMITIVE_LEVEL !=INTERNAL } -of_object [get_pins -filter {DIRECTION==IN} -of_objects [get_nets -hierarchical -filter {PARENT=="i_v7_bd/clk_wiz_0/inst/clk_out4_v7_bd_clk_wiz_0_0_en_clk"}]]]
resize_pblock [get_pblocks {CLKAG_i_v7_bd/clk_wiz_0/inst/clk_out4_v7_bd_clk_wiz_0_0_en_clk}] -add {CLOCKREGION_X0Y9:CLOCKREGION_X0Y9}
#endgroup

# Clock net "i_v7_bd/clk_wiz_0/inst/clk_out4" driven by instance "i_v7_bd/clk_wiz_0/inst/clkout4_buf" located at site "BUFGCTRL_X0Y19"
#startgroup
create_pblock {CLKAG_i_v7_bd/clk_wiz_0/inst/clk_out4}
add_cells_to_pblock [get_pblocks  {CLKAG_i_v7_bd/clk_wiz_0/inst/clk_out4}] [get_cells -filter { PRIMITIVE_GROUP != I/O && IS_PRIMITIVE==1 && PRIMITIVE_LEVEL !=INTERNAL } -of_object [get_pins -filter {DIRECTION==IN} -of_objects [get_nets -hierarchical -filter {PARENT=="i_v7_bd/clk_wiz_0/inst/clk_out4"}]]]
resize_pblock [get_pblocks {CLKAG_i_v7_bd/clk_wiz_0/inst/clk_out4}] -add {CLOCKREGION_X0Y1:CLOCKREGION_X0Y1 CLOCKREGION_X0Y2:CLOCKREGION_X0Y2 CLOCKREGION_X0Y3:CLOCKREGION_X0Y3 CLOCKREGION_X0Y4:CLOCKREGION_X0Y4 CLOCKREGION_X0Y5:CLOCKREGION_X0Y5 CLOCKREGION_X0Y6:CLOCKREGION_X0Y6 CLOCKREGION_X0Y7:CLOCKREGION_X0Y7 CLOCKREGION_X1Y1:CLOCKREGION_X1Y1 CLOCKREGION_X1Y2:CLOCKREGION_X1Y2 CLOCKREGION_X1Y3:CLOCKREGION_X1Y3 CLOCKREGION_X1Y4:CLOCKREGION_X1Y4 CLOCKREGION_X1Y5:CLOCKREGION_X1Y5 CLOCKREGION_X1Y6:CLOCKREGION_X1Y6 CLOCKREGION_X1Y7:CLOCKREGION_X1Y7}
#endgroup

# Clock net "i_v7_bd/clk_wiz_0/inst/clk_out3_v7_bd_clk_wiz_0_0_en_clk" driven by instance "i_v7_bd/clk_wiz_0/inst/clkout3_buf_en" located at site "BUFHCE_X0Y109"
#startgroup
create_pblock {CLKAG_i_v7_bd/clk_wiz_0/inst/clk_out3_v7_bd_clk_wiz_0_0_en_clk}
add_cells_to_pblock [get_pblocks  {CLKAG_i_v7_bd/clk_wiz_0/inst/clk_out3_v7_bd_clk_wiz_0_0_en_clk}] [get_cells -filter { PRIMITIVE_GROUP != I/O && IS_PRIMITIVE==1 && PRIMITIVE_LEVEL !=INTERNAL } -of_object [get_pins -filter {DIRECTION==IN} -of_objects [get_nets -hierarchical -filter {PARENT=="i_v7_bd/clk_wiz_0/inst/clk_out3_v7_bd_clk_wiz_0_0_en_clk"}]]]
resize_pblock [get_pblocks {CLKAG_i_v7_bd/clk_wiz_0/inst/clk_out3_v7_bd_clk_wiz_0_0_en_clk}] -add {CLOCKREGION_X0Y9:CLOCKREGION_X0Y9}
#endgroup

# Clock net "i_v7_bd/clk_wiz_0/inst/clk_out3" driven by instance "i_v7_bd/clk_wiz_0/inst/clkout3_buf" located at site "BUFGCTRL_X0Y16"
#startgroup
create_pblock {CLKAG_i_v7_bd/clk_wiz_0/inst/clk_out3}
add_cells_to_pblock [get_pblocks  {CLKAG_i_v7_bd/clk_wiz_0/inst/clk_out3}] [get_cells -filter { PRIMITIVE_GROUP != I/O && IS_PRIMITIVE==1 && PRIMITIVE_LEVEL !=INTERNAL } -of_object [get_pins -filter {DIRECTION==IN} -of_objects [get_nets -hierarchical -filter {PARENT=="i_v7_bd/clk_wiz_0/inst/clk_out3"}]]]
resize_pblock [get_pblocks {CLKAG_i_v7_bd/clk_wiz_0/inst/clk_out3}] -add {CLOCKREGION_X0Y2:CLOCKREGION_X0Y2 CLOCKREGION_X0Y3:CLOCKREGION_X0Y3 CLOCKREGION_X0Y4:CLOCKREGION_X0Y4 CLOCKREGION_X0Y5:CLOCKREGION_X0Y5 CLOCKREGION_X0Y6:CLOCKREGION_X0Y6 CLOCKREGION_X1Y2:CLOCKREGION_X1Y2 CLOCKREGION_X1Y3:CLOCKREGION_X1Y3 CLOCKREGION_X1Y5:CLOCKREGION_X1Y5}
#endgroup

# Clock net "i_v7_bd/clk_wiz_0/inst/clk_out1_v7_bd_clk_wiz_0_0_en_clk" driven by instance "i_v7_bd/clk_wiz_0/inst/clkout1_buf_en" located at site "BUFHCE_X0Y108"
#startgroup
create_pblock {CLKAG_i_v7_bd/clk_wiz_0/inst/clk_out1_v7_bd_clk_wiz_0_0_en_clk}
add_cells_to_pblock [get_pblocks  {CLKAG_i_v7_bd/clk_wiz_0/inst/clk_out1_v7_bd_clk_wiz_0_0_en_clk}] [get_cells -filter { PRIMITIVE_GROUP != I/O && IS_PRIMITIVE==1 && PRIMITIVE_LEVEL !=INTERNAL } -of_object [get_pins -filter {DIRECTION==IN} -of_objects [get_nets -hierarchical -filter {PARENT=="i_v7_bd/clk_wiz_0/inst/clk_out1_v7_bd_clk_wiz_0_0_en_clk"}]]]
resize_pblock [get_pblocks {CLKAG_i_v7_bd/clk_wiz_0/inst/clk_out1_v7_bd_clk_wiz_0_0_en_clk}] -add {CLOCKREGION_X0Y9:CLOCKREGION_X0Y9}
#endgroup

# Clock net "i_v7_bd/clk_wiz_0/inst/clk_out1" driven by instance "i_v7_bd/clk_wiz_0/inst/clkout1_buf" located at site "BUFGCTRL_X0Y18"
#startgroup
create_pblock {CLKAG_i_v7_bd/clk_wiz_0/inst/clk_out1}
add_cells_to_pblock [get_pblocks  {CLKAG_i_v7_bd/clk_wiz_0/inst/clk_out1}] [get_cells -filter { PRIMITIVE_GROUP != I/O && IS_PRIMITIVE==1 && PRIMITIVE_LEVEL !=INTERNAL } -of_object [get_pins -filter {DIRECTION==IN} -of_objects [get_nets -hierarchical -filter {PARENT=="i_v7_bd/clk_wiz_0/inst/clk_out1"}]]]
resize_pblock [get_pblocks {CLKAG_i_v7_bd/clk_wiz_0/inst/clk_out1}] -add {CLOCKREGION_X0Y6:CLOCKREGION_X0Y6}
#endgroup

# Clock net "i_v7_bd/axi_chip2chip_0/inst/slave_fpga_gen.axi_chip2chip_slave_phy_inst/slave_sio_phy.axi_chip2chip_sio_input_inst/axi_chip2chip_clk_gen_inst/CLK" driven by instance "i_v7_bd/axi_chip2chip_0/inst/slave_fpga_gen.axi_chip2chip_slave_phy_inst/slave_sio_phy.axi_chip2chip_sio_input_inst/axi_chip2chip_clk_gen_inst/bufg_inst" located at site "BUFGCTRL_X0Y17"
#startgroup
create_pblock {CLKAG_i_v7_bd/axi_chip2chip_0/inst/slave_fpga_gen.axi_chip2chip_slave_phy_inst/slave_sio_phy.axi_chip2chip_sio_input_inst/axi_chip2chip_clk_gen_inst/CLK}
add_cells_to_pblock [get_pblocks  {CLKAG_i_v7_bd/axi_chip2chip_0/inst/slave_fpga_gen.axi_chip2chip_slave_phy_inst/slave_sio_phy.axi_chip2chip_sio_input_inst/axi_chip2chip_clk_gen_inst/CLK}] [get_cells -filter { PRIMITIVE_GROUP != I/O && IS_PRIMITIVE==1 && PRIMITIVE_LEVEL !=INTERNAL } -of_object [get_pins -filter {DIRECTION==IN} -of_objects [get_nets -hierarchical -filter {PARENT=="i_v7_bd/axi_chip2chip_0/inst/slave_fpga_gen.axi_chip2chip_slave_phy_inst/slave_sio_phy.axi_chip2chip_sio_input_inst/axi_chip2chip_clk_gen_inst/CLK"}]]]
resize_pblock [get_pblocks {CLKAG_i_v7_bd/axi_chip2chip_0/inst/slave_fpga_gen.axi_chip2chip_slave_phy_inst/slave_sio_phy.axi_chip2chip_sio_input_inst/axi_chip2chip_clk_gen_inst/CLK}] -add {CLOCKREGION_X0Y5:CLOCKREGION_X0Y5 CLOCKREGION_X0Y6:CLOCKREGION_X0Y6}
#endgroup

# Clock net "dbg_hub/inst/itck_i" driven by instance "dbg_hub/inst/SWITCH_N_EXT_BSCAN.u_bufg_icon_tck" located at site "BUFGCTRL_X0Y0"
#startgroup
create_pblock {CLKAG_dbg_hub/inst/itck_i}
add_cells_to_pblock [get_pblocks  {CLKAG_dbg_hub/inst/itck_i}] [get_cells -filter { PRIMITIVE_GROUP != I/O && IS_PRIMITIVE==1 && PRIMITIVE_LEVEL !=INTERNAL } -of_object [get_pins -filter {DIRECTION==IN} -of_objects [get_nets -hierarchical -filter {PARENT=="dbg_hub/inst/itck_i"}]]]
resize_pblock [get_pblocks {CLKAG_dbg_hub/inst/itck_i}] -add {CLOCKREGION_X0Y1:CLOCKREGION_X0Y1 CLOCKREGION_X0Y2:CLOCKREGION_X0Y2 CLOCKREGION_X0Y3:CLOCKREGION_X0Y3}
#endgroup
