

================================================================
== Vivado HLS Report for 'p_hls_fptosi_float_i'
================================================================
* Date:           Wed Jun 20 11:39:05 2018

* Version:        2017.2 (Build 1909853 on Thu Jun 15 18:55:24 MDT 2017)
* Project:        Correlator
* Solution:       solution1
* Product family: virtex7
* Target device:  xc7vx690tffg1927-2


================================================================
== Performance Estimates
================================================================
+ Timing (ns): 
    * Summary: 
    +--------+-------+----------+------------+
    |  Clock | Target| Estimated| Uncertainty|
    +--------+-------+----------+------------+
    |ap_clk  |   4.16|      2.53|        0.52|
    +--------+-------+----------+------------+

+ Latency (clock cycles): 
    * Summary: 
    +-----+-----+-----+-----+----------+
    |  Latency  |  Interval | Pipeline |
    | min | max | min | max |   Type   |
    +-----+-----+-----+-----+----------+
    |    2|    2|    1|    1| function |
    +-----+-----+-----+-----+----------+

    + Detail: 
        * Instance: 
        N/A

        * Loop: 
        N/A

============================================================
+ Verbose Summary: Synthesis Manager
============================================================
InlineROM: 1
ExposeGlobal: 0
============================================================
+ Verbose Summary: CDFG Model
============================================================
IsTopModel: 0
ResetActiveHigh: 1
IsCombinational: 0
IsDatapathOnly: 0
HasWiredReturn: 1
HasMFsm: 2
HasVarLatency: 0
IsPipeline: 1
IsRtlPipelined: 1
IsInstanceOverlapped: 0
IsDontTouch: 0
HasImplIP: 0
IsGatedGlobalClock: 0

+ Individual pipeline summary: 
  * Pipeline-0: initiation interval (II) = 1, depth = 3


============================================================
+ Verbose Summary: Schedule
============================================================
* Number of FSM states: 3
* Pipeline: 1
  Pipeline-0: II = 1, D = 3, States = { 1 2 3 }
* Dataflow Pipeline: 0

* FSM state transitions: 
1 --> 
	2  / true
2 --> 
	3  / true
3 --> 
* FSM state operations: 

 <State 1>: 2.48ns
ST_1: x_read (2)  [1/1] 0.00ns
:0  %x_read = call float @_ssdm_op_Read.ap_auto.float(float %x) nounwind

ST_1: p_Val2_s (3)  [1/1] 0.00ns  loc: /wrk/2017.2/nightly/2017_06_15_1909853/src/products/hls/hls_lib/src/hls/utils/x_hls_utils.h:311->/wrk/2017.2/nightly/2017_06_15_1909853/src/products/hls/hls_lib/src/hls/utils/x_hls_utils.h:320->/wrk/2017.2/nightly/2017_06_15_1909853/src/products/hls/hls_lib/src/hls/hls_round.h:436->/wrk/2017.2/nightly/2017_06_15_1909853/src/products/hls/hls_lib/src/hls/hls_round.h:523->/wrk/2017.2/nightly/2017_06_15_1909853/src/products/hls/hls_lib/src/lib_floatconversion.cpp:43
:1  %p_Val2_s = bitcast float %x_read to i32

ST_1: p_Result_s (4)  [1/1] 0.00ns  loc: /wrk/2017.2/nightly/2017_06_15_1909853/src/products/hls/hls_lib/src/hls/utils/x_hls_utils.h:317->/wrk/2017.2/nightly/2017_06_15_1909853/src/products/hls/hls_lib/src/hls/utils/x_hls_utils.h:320->/wrk/2017.2/nightly/2017_06_15_1909853/src/products/hls/hls_lib/src/hls/hls_round.h:436->/wrk/2017.2/nightly/2017_06_15_1909853/src/products/hls/hls_lib/src/hls/hls_round.h:523->/wrk/2017.2/nightly/2017_06_15_1909853/src/products/hls/hls_lib/src/lib_floatconversion.cpp:43
:2  %p_Result_s = call i1 @_ssdm_op_BitSelect.i1.i32.i32(i32 %p_Val2_s, i32 31)

ST_1: loc_V (5)  [1/1] 0.00ns  loc: /wrk/2017.2/nightly/2017_06_15_1909853/src/products/hls/hls_lib/src/hls/utils/x_hls_utils.h:318->/wrk/2017.2/nightly/2017_06_15_1909853/src/products/hls/hls_lib/src/hls/utils/x_hls_utils.h:320->/wrk/2017.2/nightly/2017_06_15_1909853/src/products/hls/hls_lib/src/hls/hls_round.h:436->/wrk/2017.2/nightly/2017_06_15_1909853/src/products/hls/hls_lib/src/hls/hls_round.h:523->/wrk/2017.2/nightly/2017_06_15_1909853/src/products/hls/hls_lib/src/lib_floatconversion.cpp:43
:3  %loc_V = call i8 @_ssdm_op_PartSelect.i8.i32.i32.i32(i32 %p_Val2_s, i32 23, i32 30) nounwind

ST_1: loc_V_1 (6)  [1/1] 0.00ns  loc: /wrk/2017.2/nightly/2017_06_15_1909853/src/products/hls/hls_lib/src/hls/utils/x_hls_utils.h:319->/wrk/2017.2/nightly/2017_06_15_1909853/src/products/hls/hls_lib/src/hls/utils/x_hls_utils.h:320->/wrk/2017.2/nightly/2017_06_15_1909853/src/products/hls/hls_lib/src/hls/hls_round.h:436->/wrk/2017.2/nightly/2017_06_15_1909853/src/products/hls/hls_lib/src/hls/hls_round.h:523->/wrk/2017.2/nightly/2017_06_15_1909853/src/products/hls/hls_lib/src/lib_floatconversion.cpp:43
:4  %loc_V_1 = trunc i32 %p_Val2_s to i23

ST_1: tmp_i_i_i_cast1 (9)  [1/1] 0.00ns  loc: /wrk/2017.2/nightly/2017_06_15_1909853/src/products/hls/hls_lib/src/hls/utils/x_hls_utils.h:340->/wrk/2017.2/nightly/2017_06_15_1909853/src/products/hls/hls_lib/src/hls/hls_round.h:441->/wrk/2017.2/nightly/2017_06_15_1909853/src/products/hls/hls_lib/src/hls/hls_round.h:523->/wrk/2017.2/nightly/2017_06_15_1909853/src/products/hls/hls_lib/src/lib_floatconversion.cpp:43
:7  %tmp_i_i_i_cast1 = zext i8 %loc_V to i9

ST_1: sh_assign (10)  [1/1] 1.36ns  loc: /wrk/2017.2/nightly/2017_06_15_1909853/src/products/hls/hls_lib/src/hls/utils/x_hls_utils.h:340->/wrk/2017.2/nightly/2017_06_15_1909853/src/products/hls/hls_lib/src/hls/hls_round.h:441->/wrk/2017.2/nightly/2017_06_15_1909853/src/products/hls/hls_lib/src/hls/hls_round.h:523->/wrk/2017.2/nightly/2017_06_15_1909853/src/products/hls/hls_lib/src/lib_floatconversion.cpp:43
:8  %sh_assign = add i9 -127, %tmp_i_i_i_cast1

ST_1: isNeg (11)  [1/1] 0.00ns  loc: /wrk/2017.2/nightly/2017_06_15_1909853/src/products/hls/hls_lib/src/hls/hls_round.h:441->/wrk/2017.2/nightly/2017_06_15_1909853/src/products/hls/hls_lib/src/hls/hls_round.h:523->/wrk/2017.2/nightly/2017_06_15_1909853/src/products/hls/hls_lib/src/lib_floatconversion.cpp:43
:9  %isNeg = call i1 @_ssdm_op_BitSelect.i1.i9.i32(i9 %sh_assign, i32 8)

ST_1: tmp_5_i_i (12)  [1/1] 1.36ns  loc: /wrk/2017.2/nightly/2017_06_15_1909853/src/products/hls/hls_lib/src/hls/hls_round.h:441->/wrk/2017.2/nightly/2017_06_15_1909853/src/products/hls/hls_lib/src/hls/hls_round.h:523->/wrk/2017.2/nightly/2017_06_15_1909853/src/products/hls/hls_lib/src/lib_floatconversion.cpp:43
:10  %tmp_5_i_i = sub i8 127, %loc_V

ST_1: tmp_5_i_i_cast (13)  [1/1] 0.00ns  loc: /wrk/2017.2/nightly/2017_06_15_1909853/src/products/hls/hls_lib/src/hls/hls_round.h:441->/wrk/2017.2/nightly/2017_06_15_1909853/src/products/hls/hls_lib/src/hls/hls_round.h:523->/wrk/2017.2/nightly/2017_06_15_1909853/src/products/hls/hls_lib/src/lib_floatconversion.cpp:43
:11  %tmp_5_i_i_cast = sext i8 %tmp_5_i_i to i9

ST_1: sh_assign_1 (14)  [1/1] 1.12ns  loc: /wrk/2017.2/nightly/2017_06_15_1909853/src/products/hls/hls_lib/src/hls/hls_round.h:441->/wrk/2017.2/nightly/2017_06_15_1909853/src/products/hls/hls_lib/src/hls/hls_round.h:523->/wrk/2017.2/nightly/2017_06_15_1909853/src/products/hls/hls_lib/src/lib_floatconversion.cpp:43
:12  %sh_assign_1 = select i1 %isNeg, i9 %tmp_5_i_i_cast, i9 %sh_assign


 <State 2>: 1.91ns
ST_2: tmp_3_i_i (7)  [1/1] 0.00ns  loc: /wrk/2017.2/nightly/2017_06_15_1909853/src/products/hls/hls_lib/src/hls/hls_round.h:438->/wrk/2017.2/nightly/2017_06_15_1909853/src/products/hls/hls_lib/src/hls/hls_round.h:523->/wrk/2017.2/nightly/2017_06_15_1909853/src/products/hls/hls_lib/src/lib_floatconversion.cpp:43
:5  %tmp_3_i_i = call i25 @_ssdm_op_BitConcatenate.i25.i1.i23.i1(i1 true, i23 %loc_V_1, i1 false)

ST_2: tmp_3_i_i_cast2 (8)  [1/1] 0.00ns  loc: /wrk/2017.2/nightly/2017_06_15_1909853/src/products/hls/hls_lib/src/hls/hls_round.h:438->/wrk/2017.2/nightly/2017_06_15_1909853/src/products/hls/hls_lib/src/hls/hls_round.h:523->/wrk/2017.2/nightly/2017_06_15_1909853/src/products/hls/hls_lib/src/lib_floatconversion.cpp:43 (grouped into LUT with out node p_Val2_2)
:6  %tmp_3_i_i_cast2 = zext i25 %tmp_3_i_i to i79

ST_2: sh_assign_1_cast (15)  [1/1] 0.00ns  loc: /wrk/2017.2/nightly/2017_06_15_1909853/src/products/hls/hls_lib/src/hls/hls_round.h:441->/wrk/2017.2/nightly/2017_06_15_1909853/src/products/hls/hls_lib/src/hls/hls_round.h:523->/wrk/2017.2/nightly/2017_06_15_1909853/src/products/hls/hls_lib/src/lib_floatconversion.cpp:43 (grouped into LUT with out node p_Val2_2)
:13  %sh_assign_1_cast = sext i9 %sh_assign_1 to i32

ST_2: sh_assign_1_cast_cas (16)  [1/1] 0.00ns  loc: /wrk/2017.2/nightly/2017_06_15_1909853/src/products/hls/hls_lib/src/hls/hls_round.h:441->/wrk/2017.2/nightly/2017_06_15_1909853/src/products/hls/hls_lib/src/hls/hls_round.h:523->/wrk/2017.2/nightly/2017_06_15_1909853/src/products/hls/hls_lib/src/lib_floatconversion.cpp:43 (grouped into LUT with out node p_Val2_2)
:14  %sh_assign_1_cast_cas = sext i9 %sh_assign_1 to i25

ST_2: tmp_7_i_i (17)  [1/1] 0.00ns  loc: /wrk/2017.2/nightly/2017_06_15_1909853/src/products/hls/hls_lib/src/hls/hls_round.h:441->/wrk/2017.2/nightly/2017_06_15_1909853/src/products/hls/hls_lib/src/hls/hls_round.h:523->/wrk/2017.2/nightly/2017_06_15_1909853/src/products/hls/hls_lib/src/lib_floatconversion.cpp:43 (grouped into LUT with out node p_Val2_2)
:15  %tmp_7_i_i = zext i32 %sh_assign_1_cast to i79

ST_2: tmp_8_i_i (18)  [1/1] 0.00ns  loc: /wrk/2017.2/nightly/2017_06_15_1909853/src/products/hls/hls_lib/src/hls/hls_round.h:441->/wrk/2017.2/nightly/2017_06_15_1909853/src/products/hls/hls_lib/src/hls/hls_round.h:523->/wrk/2017.2/nightly/2017_06_15_1909853/src/products/hls/hls_lib/src/lib_floatconversion.cpp:43 (grouped into LUT with out node p_Val2_2)
:16  %tmp_8_i_i = lshr i25 %tmp_3_i_i, %sh_assign_1_cast_cas

ST_2: tmp_i_i (19)  [1/1] 0.00ns  loc: /wrk/2017.2/nightly/2017_06_15_1909853/src/products/hls/hls_lib/src/hls/hls_round.h:441->/wrk/2017.2/nightly/2017_06_15_1909853/src/products/hls/hls_lib/src/hls/hls_round.h:523->/wrk/2017.2/nightly/2017_06_15_1909853/src/products/hls/hls_lib/src/lib_floatconversion.cpp:43 (grouped into LUT with out node p_Val2_2)
:17  %tmp_i_i = shl i79 %tmp_3_i_i_cast2, %tmp_7_i_i

ST_2: tmp (20)  [1/1] 0.00ns  loc: /wrk/2017.2/nightly/2017_06_15_1909853/src/products/hls/hls_lib/src/hls/hls_round.h:444->/wrk/2017.2/nightly/2017_06_15_1909853/src/products/hls/hls_lib/src/hls/hls_round.h:523->/wrk/2017.2/nightly/2017_06_15_1909853/src/products/hls/hls_lib/src/lib_floatconversion.cpp:43 (grouped into LUT with out node p_Val2_2)
:18  %tmp = call i1 @_ssdm_op_BitSelect.i1.i25.i32(i25 %tmp_8_i_i, i32 24)

ST_2: tmp_800 (21)  [1/1] 0.00ns  loc: /wrk/2017.2/nightly/2017_06_15_1909853/src/products/hls/hls_lib/src/hls/hls_round.h:444->/wrk/2017.2/nightly/2017_06_15_1909853/src/products/hls/hls_lib/src/hls/hls_round.h:523->/wrk/2017.2/nightly/2017_06_15_1909853/src/products/hls/hls_lib/src/lib_floatconversion.cpp:43 (grouped into LUT with out node p_Val2_2)
:19  %tmp_800 = zext i1 %tmp to i31

ST_2: tmp_801 (22)  [1/1] 0.00ns  loc: /wrk/2017.2/nightly/2017_06_15_1909853/src/products/hls/hls_lib/src/hls/hls_round.h:444->/wrk/2017.2/nightly/2017_06_15_1909853/src/products/hls/hls_lib/src/hls/hls_round.h:523->/wrk/2017.2/nightly/2017_06_15_1909853/src/products/hls/hls_lib/src/lib_floatconversion.cpp:43 (grouped into LUT with out node p_Val2_2)
:20  %tmp_801 = call i31 @_ssdm_op_PartSelect.i31.i79.i32.i32(i79 %tmp_i_i, i32 24, i32 54)

ST_2: p_Val2_2 (23)  [1/1] 1.91ns  loc: /wrk/2017.2/nightly/2017_06_15_1909853/src/products/hls/hls_lib/src/hls/hls_round.h:441->/wrk/2017.2/nightly/2017_06_15_1909853/src/products/hls/hls_lib/src/hls/hls_round.h:523->/wrk/2017.2/nightly/2017_06_15_1909853/src/products/hls/hls_lib/src/lib_floatconversion.cpp:43 (out node of the LUT)
:21  %p_Val2_2 = select i1 %isNeg, i31 %tmp_800, i31 %tmp_801


 <State 3>: 2.53ns
ST_3: tmp_1_i_i (24)  [1/1] 0.00ns  loc: /wrk/2017.2/nightly/2017_06_15_1909853/src/products/hls/hls_lib/src/hls/hls_round.h:472->/wrk/2017.2/nightly/2017_06_15_1909853/src/products/hls/hls_lib/src/hls/hls_round.h:523->/wrk/2017.2/nightly/2017_06_15_1909853/src/products/hls/hls_lib/src/lib_floatconversion.cpp:43
:22  %tmp_1_i_i = zext i31 %p_Val2_2 to i32

ST_3: tmp_10_i_i (25)  [1/1] 1.41ns  loc: /wrk/2017.2/nightly/2017_06_15_1909853/src/products/hls/hls_lib/src/hls/hls_round.h:473->/wrk/2017.2/nightly/2017_06_15_1909853/src/products/hls/hls_lib/src/hls/hls_round.h:523->/wrk/2017.2/nightly/2017_06_15_1909853/src/products/hls/hls_lib/src/lib_floatconversion.cpp:43
:23  %tmp_10_i_i = sub nsw i32 0, %tmp_1_i_i

ST_3: p_Val2_4 (26)  [1/1] 1.12ns  loc: /wrk/2017.2/nightly/2017_06_15_1909853/src/products/hls/hls_lib/src/hls/hls_round.h:473->/wrk/2017.2/nightly/2017_06_15_1909853/src/products/hls/hls_lib/src/hls/hls_round.h:523->/wrk/2017.2/nightly/2017_06_15_1909853/src/products/hls/hls_lib/src/lib_floatconversion.cpp:43
:24  %p_Val2_4 = select i1 %p_Result_s, i32 %tmp_10_i_i, i32 %tmp_1_i_i

ST_3: StgValue_29 (27)  [1/1] 0.00ns  loc: /wrk/2017.2/nightly/2017_06_15_1909853/src/products/hls/hls_lib/src/lib_floatconversion.cpp:43
:25  ret i32 %p_Val2_4



============================================================
+ Verbose Summary: Timing violations
============================================================
Target clock period: 4.16ns, clock uncertainty: 0.52ns.

 <State 1>: 2.48ns
The critical path consists of the following:
	wire read on port 'x' [2]  (0 ns)
	'sub' operation ('tmp_5_i_i', /wrk/2017.2/nightly/2017_06_15_1909853/src/products/hls/hls_lib/src/hls/hls_round.h:441->/wrk/2017.2/nightly/2017_06_15_1909853/src/products/hls/hls_lib/src/hls/hls_round.h:523->/wrk/2017.2/nightly/2017_06_15_1909853/src/products/hls/hls_lib/src/lib_floatconversion.cpp:43) [12]  (1.36 ns)
	'select' operation ('sh', /wrk/2017.2/nightly/2017_06_15_1909853/src/products/hls/hls_lib/src/hls/hls_round.h:441->/wrk/2017.2/nightly/2017_06_15_1909853/src/products/hls/hls_lib/src/hls/hls_round.h:523->/wrk/2017.2/nightly/2017_06_15_1909853/src/products/hls/hls_lib/src/lib_floatconversion.cpp:43) [14]  (1.12 ns)

 <State 2>: 1.91ns
The critical path consists of the following:
	'shl' operation ('tmp_i_i', /wrk/2017.2/nightly/2017_06_15_1909853/src/products/hls/hls_lib/src/hls/hls_round.h:441->/wrk/2017.2/nightly/2017_06_15_1909853/src/products/hls/hls_lib/src/hls/hls_round.h:523->/wrk/2017.2/nightly/2017_06_15_1909853/src/products/hls/hls_lib/src/lib_floatconversion.cpp:43) [19]  (0 ns)
	'select' operation ('__Val2__', /wrk/2017.2/nightly/2017_06_15_1909853/src/products/hls/hls_lib/src/hls/hls_round.h:441->/wrk/2017.2/nightly/2017_06_15_1909853/src/products/hls/hls_lib/src/hls/hls_round.h:523->/wrk/2017.2/nightly/2017_06_15_1909853/src/products/hls/hls_lib/src/lib_floatconversion.cpp:43) [23]  (1.91 ns)

 <State 3>: 2.53ns
The critical path consists of the following:
	'sub' operation ('tmp_10_i_i', /wrk/2017.2/nightly/2017_06_15_1909853/src/products/hls/hls_lib/src/hls/hls_round.h:473->/wrk/2017.2/nightly/2017_06_15_1909853/src/products/hls/hls_lib/src/hls/hls_round.h:523->/wrk/2017.2/nightly/2017_06_15_1909853/src/products/hls/hls_lib/src/lib_floatconversion.cpp:43) [25]  (1.41 ns)
	'select' operation ('__Val2__', /wrk/2017.2/nightly/2017_06_15_1909853/src/products/hls/hls_lib/src/hls/hls_round.h:473->/wrk/2017.2/nightly/2017_06_15_1909853/src/products/hls/hls_lib/src/hls/hls_round.h:523->/wrk/2017.2/nightly/2017_06_15_1909853/src/products/hls/hls_lib/src/lib_floatconversion.cpp:43) [26]  (1.12 ns)


============================================================
+ Verbose Summary: Binding
============================================================
N/A
* FSMD analyzer results:
  - Output states:
 - Input state : 
  - Chain level:
	State 1
	State 2
	State 3


============================================================
+ Verbose Summary: Datapath Resource usage 
============================================================
N/A
