

================================================================
== Vivado HLS Report for 'MET_LUT'
================================================================
* Date:           Tue Oct 10 16:00:47 2017

* Version:        2016.4 (Build 1756540 on Mon Jan 23 19:31:01 MST 2017)
* Project:        MET_LUT
* Solution:       solution1
* Product family: virtex7
* Target device:  xc7vx690tffg1927-2


================================================================
== Performance Estimates
================================================================
+ Timing (ns): 
    * Summary: 
    +--------+-------+----------+------------+
    |  Clock | Target| Estimated| Uncertainty|
    +--------+-------+----------+------------+
    |ap_clk  |   4.16|      3.72|        0.52|
    +--------+-------+----------+------------+

+ Latency (clock cycles): 
    * Summary: 
    +-----+-----+-----+-----+----------+
    |  Latency  |  Interval | Pipeline |
    | min | max | min | max |   Type   |
    +-----+-----+-----+-----+----------+
    |   37|   37|    6|    6| function |
    +-----+-----+-----+-----+----------+

    + Detail: 
        * Instance: 
        +----------------------------------+----------------------+-----+-----+-----+-----+----------+
        |                                  |                      |  Latency  |  Interval | Pipeline |
        |             Instance             |        Module        | min | max | min | max |   Type   |
        +----------------------------------+----------------------+-----+-----+-----+-----+----------+
        |grp_Comp_rgn_et_fu_2557           |Comp_rgn_et           |    2|    2|    3|    3| function |
        |grp_p_hls_fptoui_float_i_fu_2579  |p_hls_fptoui_float_i  |    1|    1|    1|    1| function |
        |grp_p_hls_fptoui_float_i_fu_2584  |p_hls_fptoui_float_i  |    1|    1|    1|    1| function |
        |grp_p_hls_fptoui_float_i_fu_2589  |p_hls_fptoui_float_i  |    1|    1|    1|    1| function |
        |grp_p_hls_fptoui_float_i_fu_2594  |p_hls_fptoui_float_i  |    1|    1|    1|    1| function |
        |grp_p_hls_fptoui_float_i_fu_2599  |p_hls_fptoui_float_i  |    1|    1|    1|    1| function |
        |grp_p_hls_fptoui_float_i_fu_2604  |p_hls_fptoui_float_i  |    1|    1|    1|    1| function |
        |grp_p_hls_fptoui_float_i_fu_2609  |p_hls_fptoui_float_i  |    1|    1|    1|    1| function |
        |grp_Comp_rgn_et_14_fu_2615        |Comp_rgn_et_14        |    2|    2|    3|    3| function |
        |grp_Comp_rgn_et_14_fu_2647        |Comp_rgn_et_14        |    2|    2|    3|    3| function |
        |grp_Comp_rgn_et_14_fu_2679        |Comp_rgn_et_14        |    2|    2|    3|    3| function |
        |grp_Comp_rgn_et_14_fu_2711        |Comp_rgn_et_14        |    2|    2|    3|    3| function |
        |grp_Comp_rgn_et_14_fu_2743        |Comp_rgn_et_14        |    2|    2|    3|    3| function |
        |grp_Comp_rgn_et_14_fu_2775        |Comp_rgn_et_14        |    2|    2|    3|    3| function |
        |grp_Comp_rgn_et_14_fu_2807        |Comp_rgn_et_14        |    2|    2|    3|    3| function |
        |grp_Comp_rgn_et_14_fu_2839        |Comp_rgn_et_14        |    2|    2|    3|    3| function |
        |grp_Comp_rgn_et_14_fu_2871        |Comp_rgn_et_14        |    2|    2|    3|    3| function |
        +----------------------------------+----------------------+-----+-----+-----+-----+----------+

        * Loop: 
        N/A



================================================================
== Utilization Estimates
================================================================
* Summary: 
+-----------------+---------+-------+--------+--------+
|       Name      | BRAM_18K| DSP48E|   FF   |   LUT  |
+-----------------+---------+-------+--------+--------+
|DSP              |        -|      1|       -|       -|
|Expression       |        -|      -|       0|      15|
|FIFO             |        -|      -|       -|       -|
|Instance         |        -|     22|    4391|    5673|
|Memory           |       40|      -|       0|       0|
|Multiplexer      |        -|      -|       -|    2844|
|Register         |        -|      -|    3238|       -|
+-----------------+---------+-------+--------+--------+
|Total            |       40|     23|    7629|    8532|
+-----------------+---------+-------+--------+--------+
|Available        |     2940|   3600|  866400|  433200|
+-----------------+---------+-------+--------+--------+
|Utilization (%)  |        1|   ~0  |   ~0   |       1|
+-----------------+---------+-------+--------+--------+

+ Detail: 
    * Instance: 
    +----------------------------------+----------------------+---------+-------+-----+-----+
    |             Instance             |        Module        | BRAM_18K| DSP48E|  FF | LUT |
    +----------------------------------+----------------------+---------+-------+-----+-----+
    |grp_Comp_rgn_et_fu_2557           |Comp_rgn_et           |        0|      0|  335|  308|
    |grp_Comp_rgn_et_14_fu_2615        |Comp_rgn_et_14        |        0|      0|  211|  129|
    |grp_Comp_rgn_et_14_fu_2647        |Comp_rgn_et_14        |        0|      0|  211|  129|
    |grp_Comp_rgn_et_14_fu_2679        |Comp_rgn_et_14        |        0|      0|  211|  129|
    |grp_Comp_rgn_et_14_fu_2711        |Comp_rgn_et_14        |        0|      0|  211|  129|
    |grp_Comp_rgn_et_14_fu_2743        |Comp_rgn_et_14        |        0|      0|  211|  129|
    |grp_Comp_rgn_et_14_fu_2775        |Comp_rgn_et_14        |        0|      0|  211|  129|
    |grp_Comp_rgn_et_14_fu_2807        |Comp_rgn_et_14        |        0|      0|  211|  129|
    |grp_Comp_rgn_et_14_fu_2839        |Comp_rgn_et_14        |        0|      0|  211|  129|
    |grp_Comp_rgn_et_14_fu_2871        |Comp_rgn_et_14        |        0|      0|  211|  129|
    |MET_LUT_fmul_32nsbkb_U34          |MET_LUT_fmul_32nsbkb  |        0|      3|  151|  145|
    |MET_LUT_fmul_32nsbkb_U35          |MET_LUT_fmul_32nsbkb  |        0|      3|  151|  145|
    |MET_LUT_fmul_32nsbkb_U36          |MET_LUT_fmul_32nsbkb  |        0|      3|  151|  145|
    |MET_LUT_fmul_32nsbkb_U37          |MET_LUT_fmul_32nsbkb  |        0|      3|  151|  145|
    |MET_LUT_fmul_32nsbkb_U38          |MET_LUT_fmul_32nsbkb  |        0|      3|  151|  145|
    |MET_LUT_fmul_32nsbkb_U39          |MET_LUT_fmul_32nsbkb  |        0|      3|  151|  145|
    |MET_LUT_mul_23ns_dEe_U43          |MET_LUT_mul_23ns_dEe  |        0|      2|    0|    0|
    |MET_LUT_mul_23ns_dEe_U44          |MET_LUT_mul_23ns_dEe  |        0|      2|    0|    0|
    |MET_LUT_sitofp_32cud_U40          |MET_LUT_sitofp_32cud  |        0|      0|  340|  374|
    |MET_LUT_sitofp_32cud_U41          |MET_LUT_sitofp_32cud  |        0|      0|  340|  374|
    |MET_LUT_sitofp_32cud_U42          |MET_LUT_sitofp_32cud  |        0|      0|  340|  374|
    |grp_p_hls_fptoui_float_i_fu_2579  |p_hls_fptoui_float_i  |        0|      0|   33|  316|
    |grp_p_hls_fptoui_float_i_fu_2584  |p_hls_fptoui_float_i  |        0|      0|   33|  316|
    |grp_p_hls_fptoui_float_i_fu_2589  |p_hls_fptoui_float_i  |        0|      0|   33|  316|
    |grp_p_hls_fptoui_float_i_fu_2594  |p_hls_fptoui_float_i  |        0|      0|   33|  316|
    |grp_p_hls_fptoui_float_i_fu_2599  |p_hls_fptoui_float_i  |        0|      0|   33|  316|
    |grp_p_hls_fptoui_float_i_fu_2604  |p_hls_fptoui_float_i  |        0|      0|   33|  316|
    |grp_p_hls_fptoui_float_i_fu_2609  |p_hls_fptoui_float_i  |        0|      0|   33|  316|
    +----------------------------------+----------------------+---------+-------+-----+-----+
    |Total                             |                      |        0|     22| 4391| 5673|
    +----------------------------------+----------------------+---------+-------+-----+-----+

    * DSP48: 
    +--------------------------+----------------------+--------------+
    |         Instance         |        Module        |  Expression  |
    +--------------------------+----------------------+--------------+
    |MET_LUT_mac_muladeOg_U45  |MET_LUT_mac_muladeOg  | i0 * i1 + i2 |
    +--------------------------+----------------------+--------------+

    * Memory: 
    +------------+------------------+---------+---+----+-------+-----+------+-------------+
    |   Memory   |      Module      | BRAM_18K| FF| LUT| Words | Bits| Banks| W*Bits*Banks|
    +------------+------------------+---------+---+----+-------+-----+------+-------------+
    |atan2LUT_U  |MET_LUT_atan2LUT  |       32|  0|   0|  14641|   32|     1|       468512|
    |cosLUT_U    |MET_LUT_cosLUT    |        4|  0|   0|    181|   32|     1|         5792|
    |sineLUT_U   |MET_LUT_sineLUT   |        4|  0|   0|    181|   32|     1|         5792|
    +------------+------------------+---------+---+----+-------+-----+------+-------------+
    |Total       |                  |       40|  0|   0|  15003|   96|     3|       480096|
    +------------+------------------+---------+---+----+-------+-----+------+-------------+

    * FIFO: 
    N/A

    * Expression: 
    +-------------------+----------+-------+---+----+------------+------------+
    |   Variable Name   | Operation| DSP48E| FF| LUT| Bitwidth P0| Bitwidth P1|
    +-------------------+----------+-------+---+----+------------+------------+
    |tmp_27_fu_3540_p2  |     +    |      0|  0|  15|          13|          15|
    +-------------------+----------+-------+---+----+------------+------------+
    |Total              |          |      0|  0|  15|          13|          15|
    +-------------------+----------+-------+---+----+------------+------------+

    * Multiplexer: 
    +---------------------------------------+----+-----------+-----+-----------+
    |                  Name                 | LUT| Input Size| Bits| Total Bits|
    +---------------------------------------+----+-----------+-----+-----------+
    |ap_NS_fsm                              |   1|          7|    1|          7|
    |ap_enable_reg_pp0_iter0                |   1|          2|    1|          2|
    |ap_enable_reg_pp0_iter6                |   1|          2|    1|          2|
    |cosLUT_address0                        |   8|          7|    8|         56|
    |cosLUT_address1                        |   8|          7|    8|         56|
    |cosLUT_address2                        |   8|          7|    8|         56|
    |grp_Comp_rgn_et_14_fu_2615_ap_start    |   1|          2|    1|          2|
    |grp_Comp_rgn_et_14_fu_2615_p_read      |  16|          3|   16|         48|
    |grp_Comp_rgn_et_14_fu_2615_p_read1     |  16|          3|   16|         48|
    |grp_Comp_rgn_et_14_fu_2615_p_read10    |  16|          3|   16|         48|
    |grp_Comp_rgn_et_14_fu_2615_p_read11    |  16|          3|   16|         48|
    |grp_Comp_rgn_et_14_fu_2615_p_read12    |  16|          3|   16|         48|
    |grp_Comp_rgn_et_14_fu_2615_p_read13    |  16|          3|   16|         48|
    |grp_Comp_rgn_et_14_fu_2615_p_read2     |  16|          3|   16|         48|
    |grp_Comp_rgn_et_14_fu_2615_p_read3     |  16|          3|   16|         48|
    |grp_Comp_rgn_et_14_fu_2615_p_read4     |  16|          3|   16|         48|
    |grp_Comp_rgn_et_14_fu_2615_p_read5     |  16|          3|   16|         48|
    |grp_Comp_rgn_et_14_fu_2615_p_read6     |  16|          3|   16|         48|
    |grp_Comp_rgn_et_14_fu_2615_p_read7     |  16|          3|   16|         48|
    |grp_Comp_rgn_et_14_fu_2615_p_read8     |  16|          3|   16|         48|
    |grp_Comp_rgn_et_14_fu_2615_p_read9     |  16|          3|   16|         48|
    |grp_Comp_rgn_et_14_fu_2647_ap_start    |   1|          2|    1|          2|
    |grp_Comp_rgn_et_14_fu_2647_p_read      |  16|          3|   16|         48|
    |grp_Comp_rgn_et_14_fu_2647_p_read1     |  16|          3|   16|         48|
    |grp_Comp_rgn_et_14_fu_2647_p_read10    |  16|          3|   16|         48|
    |grp_Comp_rgn_et_14_fu_2647_p_read11    |  16|          3|   16|         48|
    |grp_Comp_rgn_et_14_fu_2647_p_read12    |  16|          3|   16|         48|
    |grp_Comp_rgn_et_14_fu_2647_p_read13    |  16|          3|   16|         48|
    |grp_Comp_rgn_et_14_fu_2647_p_read2     |  16|          3|   16|         48|
    |grp_Comp_rgn_et_14_fu_2647_p_read3     |  16|          3|   16|         48|
    |grp_Comp_rgn_et_14_fu_2647_p_read4     |  16|          3|   16|         48|
    |grp_Comp_rgn_et_14_fu_2647_p_read5     |  16|          3|   16|         48|
    |grp_Comp_rgn_et_14_fu_2647_p_read6     |  16|          3|   16|         48|
    |grp_Comp_rgn_et_14_fu_2647_p_read7     |  16|          3|   16|         48|
    |grp_Comp_rgn_et_14_fu_2647_p_read8     |  16|          3|   16|         48|
    |grp_Comp_rgn_et_14_fu_2647_p_read9     |  16|          3|   16|         48|
    |grp_Comp_rgn_et_14_fu_2679_ap_start    |   1|          2|    1|          2|
    |grp_Comp_rgn_et_14_fu_2679_p_read      |  16|          3|   16|         48|
    |grp_Comp_rgn_et_14_fu_2679_p_read1     |  16|          3|   16|         48|
    |grp_Comp_rgn_et_14_fu_2679_p_read10    |  16|          3|   16|         48|
    |grp_Comp_rgn_et_14_fu_2679_p_read11    |  16|          3|   16|         48|
    |grp_Comp_rgn_et_14_fu_2679_p_read12    |  16|          3|   16|         48|
    |grp_Comp_rgn_et_14_fu_2679_p_read13    |  16|          3|   16|         48|
    |grp_Comp_rgn_et_14_fu_2679_p_read2     |  16|          3|   16|         48|
    |grp_Comp_rgn_et_14_fu_2679_p_read3     |  16|          3|   16|         48|
    |grp_Comp_rgn_et_14_fu_2679_p_read4     |  16|          3|   16|         48|
    |grp_Comp_rgn_et_14_fu_2679_p_read5     |  16|          3|   16|         48|
    |grp_Comp_rgn_et_14_fu_2679_p_read6     |  16|          3|   16|         48|
    |grp_Comp_rgn_et_14_fu_2679_p_read7     |  16|          3|   16|         48|
    |grp_Comp_rgn_et_14_fu_2679_p_read8     |  16|          3|   16|         48|
    |grp_Comp_rgn_et_14_fu_2679_p_read9     |  16|          3|   16|         48|
    |grp_Comp_rgn_et_14_fu_2711_ap_start    |   1|          2|    1|          2|
    |grp_Comp_rgn_et_14_fu_2711_p_read      |  16|          3|   16|         48|
    |grp_Comp_rgn_et_14_fu_2711_p_read1     |  16|          3|   16|         48|
    |grp_Comp_rgn_et_14_fu_2711_p_read10    |  16|          3|   16|         48|
    |grp_Comp_rgn_et_14_fu_2711_p_read11    |  16|          3|   16|         48|
    |grp_Comp_rgn_et_14_fu_2711_p_read12    |  16|          3|   16|         48|
    |grp_Comp_rgn_et_14_fu_2711_p_read13    |  16|          3|   16|         48|
    |grp_Comp_rgn_et_14_fu_2711_p_read2     |  16|          3|   16|         48|
    |grp_Comp_rgn_et_14_fu_2711_p_read3     |  16|          3|   16|         48|
    |grp_Comp_rgn_et_14_fu_2711_p_read4     |  16|          3|   16|         48|
    |grp_Comp_rgn_et_14_fu_2711_p_read5     |  16|          3|   16|         48|
    |grp_Comp_rgn_et_14_fu_2711_p_read6     |  16|          3|   16|         48|
    |grp_Comp_rgn_et_14_fu_2711_p_read7     |  16|          3|   16|         48|
    |grp_Comp_rgn_et_14_fu_2711_p_read8     |  16|          3|   16|         48|
    |grp_Comp_rgn_et_14_fu_2711_p_read9     |  16|          3|   16|         48|
    |grp_Comp_rgn_et_14_fu_2743_ap_start    |   1|          2|    1|          2|
    |grp_Comp_rgn_et_14_fu_2743_p_read      |  16|          3|   16|         48|
    |grp_Comp_rgn_et_14_fu_2743_p_read1     |  16|          3|   16|         48|
    |grp_Comp_rgn_et_14_fu_2743_p_read10    |  16|          3|   16|         48|
    |grp_Comp_rgn_et_14_fu_2743_p_read11    |  16|          3|   16|         48|
    |grp_Comp_rgn_et_14_fu_2743_p_read12    |  16|          3|   16|         48|
    |grp_Comp_rgn_et_14_fu_2743_p_read13    |  16|          3|   16|         48|
    |grp_Comp_rgn_et_14_fu_2743_p_read2     |  16|          3|   16|         48|
    |grp_Comp_rgn_et_14_fu_2743_p_read3     |  16|          3|   16|         48|
    |grp_Comp_rgn_et_14_fu_2743_p_read4     |  16|          3|   16|         48|
    |grp_Comp_rgn_et_14_fu_2743_p_read5     |  16|          3|   16|         48|
    |grp_Comp_rgn_et_14_fu_2743_p_read6     |  16|          3|   16|         48|
    |grp_Comp_rgn_et_14_fu_2743_p_read7     |  16|          3|   16|         48|
    |grp_Comp_rgn_et_14_fu_2743_p_read8     |  16|          3|   16|         48|
    |grp_Comp_rgn_et_14_fu_2743_p_read9     |  16|          3|   16|         48|
    |grp_Comp_rgn_et_14_fu_2775_ap_start    |   1|          2|    1|          2|
    |grp_Comp_rgn_et_14_fu_2775_p_read      |  16|          3|   16|         48|
    |grp_Comp_rgn_et_14_fu_2775_p_read1     |  16|          3|   16|         48|
    |grp_Comp_rgn_et_14_fu_2775_p_read10    |  16|          3|   16|         48|
    |grp_Comp_rgn_et_14_fu_2775_p_read11    |  16|          3|   16|         48|
    |grp_Comp_rgn_et_14_fu_2775_p_read12    |  16|          3|   16|         48|
    |grp_Comp_rgn_et_14_fu_2775_p_read13    |  16|          3|   16|         48|
    |grp_Comp_rgn_et_14_fu_2775_p_read2     |  16|          3|   16|         48|
    |grp_Comp_rgn_et_14_fu_2775_p_read3     |  16|          3|   16|         48|
    |grp_Comp_rgn_et_14_fu_2775_p_read4     |  16|          3|   16|         48|
    |grp_Comp_rgn_et_14_fu_2775_p_read5     |  16|          3|   16|         48|
    |grp_Comp_rgn_et_14_fu_2775_p_read6     |  16|          3|   16|         48|
    |grp_Comp_rgn_et_14_fu_2775_p_read7     |  16|          3|   16|         48|
    |grp_Comp_rgn_et_14_fu_2775_p_read8     |  16|          3|   16|         48|
    |grp_Comp_rgn_et_14_fu_2775_p_read9     |  16|          3|   16|         48|
    |grp_Comp_rgn_et_14_fu_2807_ap_start    |   1|          2|    1|          2|
    |grp_Comp_rgn_et_14_fu_2807_p_read      |  16|          3|   16|         48|
    |grp_Comp_rgn_et_14_fu_2807_p_read1     |  16|          3|   16|         48|
    |grp_Comp_rgn_et_14_fu_2807_p_read10    |  16|          3|   16|         48|
    |grp_Comp_rgn_et_14_fu_2807_p_read11    |  16|          3|   16|         48|
    |grp_Comp_rgn_et_14_fu_2807_p_read12    |  16|          3|   16|         48|
    |grp_Comp_rgn_et_14_fu_2807_p_read13    |  16|          3|   16|         48|
    |grp_Comp_rgn_et_14_fu_2807_p_read2     |  16|          3|   16|         48|
    |grp_Comp_rgn_et_14_fu_2807_p_read3     |  16|          3|   16|         48|
    |grp_Comp_rgn_et_14_fu_2807_p_read4     |  16|          3|   16|         48|
    |grp_Comp_rgn_et_14_fu_2807_p_read5     |  16|          3|   16|         48|
    |grp_Comp_rgn_et_14_fu_2807_p_read6     |  16|          3|   16|         48|
    |grp_Comp_rgn_et_14_fu_2807_p_read7     |  16|          3|   16|         48|
    |grp_Comp_rgn_et_14_fu_2807_p_read8     |  16|          3|   16|         48|
    |grp_Comp_rgn_et_14_fu_2807_p_read9     |  16|          3|   16|         48|
    |grp_Comp_rgn_et_14_fu_2839_ap_start    |   1|          2|    1|          2|
    |grp_Comp_rgn_et_14_fu_2839_p_read      |  16|          3|   16|         48|
    |grp_Comp_rgn_et_14_fu_2839_p_read1     |  16|          3|   16|         48|
    |grp_Comp_rgn_et_14_fu_2839_p_read10    |  16|          3|   16|         48|
    |grp_Comp_rgn_et_14_fu_2839_p_read11    |  16|          3|   16|         48|
    |grp_Comp_rgn_et_14_fu_2839_p_read12    |  16|          3|   16|         48|
    |grp_Comp_rgn_et_14_fu_2839_p_read13    |  16|          3|   16|         48|
    |grp_Comp_rgn_et_14_fu_2839_p_read2     |  16|          3|   16|         48|
    |grp_Comp_rgn_et_14_fu_2839_p_read3     |  16|          3|   16|         48|
    |grp_Comp_rgn_et_14_fu_2839_p_read4     |  16|          3|   16|         48|
    |grp_Comp_rgn_et_14_fu_2839_p_read5     |  16|          3|   16|         48|
    |grp_Comp_rgn_et_14_fu_2839_p_read6     |  16|          3|   16|         48|
    |grp_Comp_rgn_et_14_fu_2839_p_read7     |  16|          3|   16|         48|
    |grp_Comp_rgn_et_14_fu_2839_p_read8     |  16|          3|   16|         48|
    |grp_Comp_rgn_et_14_fu_2839_p_read9     |  16|          3|   16|         48|
    |grp_Comp_rgn_et_14_fu_2871_ap_start    |   1|          2|    1|          2|
    |grp_Comp_rgn_et_14_fu_2871_p_read      |  16|          3|   16|         48|
    |grp_Comp_rgn_et_14_fu_2871_p_read1     |  16|          3|   16|         48|
    |grp_Comp_rgn_et_14_fu_2871_p_read10    |  16|          3|   16|         48|
    |grp_Comp_rgn_et_14_fu_2871_p_read11    |  16|          3|   16|         48|
    |grp_Comp_rgn_et_14_fu_2871_p_read12    |  16|          3|   16|         48|
    |grp_Comp_rgn_et_14_fu_2871_p_read13    |  16|          3|   16|         48|
    |grp_Comp_rgn_et_14_fu_2871_p_read2     |  16|          3|   16|         48|
    |grp_Comp_rgn_et_14_fu_2871_p_read3     |  16|          3|   16|         48|
    |grp_Comp_rgn_et_14_fu_2871_p_read4     |  16|          3|   16|         48|
    |grp_Comp_rgn_et_14_fu_2871_p_read5     |  16|          3|   16|         48|
    |grp_Comp_rgn_et_14_fu_2871_p_read6     |  16|          3|   16|         48|
    |grp_Comp_rgn_et_14_fu_2871_p_read7     |  16|          3|   16|         48|
    |grp_Comp_rgn_et_14_fu_2871_p_read8     |  16|          3|   16|         48|
    |grp_Comp_rgn_et_14_fu_2871_p_read9     |  16|          3|   16|         48|
    |grp_Comp_rgn_et_fu_2557_arr_i_0_read   |  16|          3|   16|         48|
    |grp_Comp_rgn_et_fu_2557_arr_i_10_read  |  16|          3|   16|         48|
    |grp_Comp_rgn_et_fu_2557_arr_i_11_read  |  16|          3|   16|         48|
    |grp_Comp_rgn_et_fu_2557_arr_i_12_read  |  16|          3|   16|         48|
    |grp_Comp_rgn_et_fu_2557_arr_i_13_read  |  16|          3|   16|         48|
    |grp_Comp_rgn_et_fu_2557_arr_i_14_read  |  16|          3|   16|         48|
    |grp_Comp_rgn_et_fu_2557_arr_i_15_read  |  16|          3|   16|         48|
    |grp_Comp_rgn_et_fu_2557_arr_i_16_read  |  16|          3|   16|         48|
    |grp_Comp_rgn_et_fu_2557_arr_i_17_read  |  16|          3|   16|         48|
    |grp_Comp_rgn_et_fu_2557_arr_i_1_read   |  16|          3|   16|         48|
    |grp_Comp_rgn_et_fu_2557_arr_i_2_read   |  16|          3|   16|         48|
    |grp_Comp_rgn_et_fu_2557_arr_i_3_read   |  16|          3|   16|         48|
    |grp_Comp_rgn_et_fu_2557_arr_i_4_read   |  16|          3|   16|         48|
    |grp_Comp_rgn_et_fu_2557_arr_i_5_read   |  16|          3|   16|         48|
    |grp_Comp_rgn_et_fu_2557_arr_i_6_read   |  16|          3|   16|         48|
    |grp_Comp_rgn_et_fu_2557_arr_i_7_read   |  16|          3|   16|         48|
    |grp_Comp_rgn_et_fu_2557_arr_i_8_read   |  16|          3|   16|         48|
    |grp_Comp_rgn_et_fu_2557_arr_i_9_read   |  16|          3|   16|         48|
    |grp_fu_3029_p0                         |  32|          7|   32|        224|
    |grp_fu_3029_p1                         |  32|          7|   32|        224|
    |grp_fu_3033_p0                         |  32|          7|   32|        224|
    |grp_fu_3033_p1                         |  32|          7|   32|        224|
    |grp_fu_3037_p0                         |  32|          7|   32|        224|
    |grp_fu_3037_p1                         |  32|          7|   32|        224|
    |grp_fu_3041_p0                         |  32|          7|   32|        224|
    |grp_fu_3041_p1                         |  32|          7|   32|        224|
    |grp_fu_3045_p0                         |  32|          7|   32|        224|
    |grp_fu_3045_p1                         |  32|          7|   32|        224|
    |grp_fu_3049_p0                         |  32|          7|   32|        224|
    |grp_fu_3049_p1                         |  32|          7|   32|        224|
    |grp_fu_3053_p0                         |  32|          7|   32|        224|
    |grp_fu_3056_p0                         |  32|          7|   32|        224|
    |grp_fu_3059_p0                         |  32|          7|   32|        224|
    |sineLUT_address0                       |   8|          7|    8|         56|
    |sineLUT_address1                       |   8|          7|    8|         56|
    |sineLUT_address2                       |   8|          7|    8|         56|
    +---------------------------------------+----+-----------+-----+-----------+
    |Total                                  |2844|        608| 2844|      10637|
    +---------------------------------------+----+-----------+-----+-----------+

    * Register: 
    +----------------------------------------------+----+----+-----+-----------+
    |                     Name                     | FF | LUT| Bits| Const Bits|
    +----------------------------------------------+----+----+-----+-----------+
    |ap_CS_fsm                                     |   6|   0|    6|          0|
    |ap_enable_reg_pp0_iter0_preg                  |   1|   0|    1|          0|
    |ap_enable_reg_pp0_iter1                       |   1|   0|    1|          0|
    |ap_enable_reg_pp0_iter2                       |   1|   0|    1|          0|
    |ap_enable_reg_pp0_iter3                       |   1|   0|    1|          0|
    |ap_enable_reg_pp0_iter4                       |   1|   0|    1|          0|
    |ap_enable_reg_pp0_iter5                       |   1|   0|    1|          0|
    |ap_enable_reg_pp0_iter6                       |   1|   0|    1|          0|
    |ap_pipeline_reg_pp0_iter3_rgnMETy_0_reg_4928  |  16|   0|   16|          0|
    |ap_pipeline_reg_pp0_iter3_rgnMETy_1_reg_4938  |  16|   0|   16|          0|
    |ap_pipeline_reg_pp0_iter3_rgnMETy_2_reg_4948  |  16|   0|   16|          0|
    |ap_pipeline_reg_pp0_iter3_rgnMETy_3_reg_4958  |  16|   0|   16|          0|
    |ap_pipeline_reg_pp0_iter3_rgnMETy_4_reg_4968  |  16|   0|   16|          0|
    |ap_pipeline_reg_pp0_iter3_rgnMETy_5_reg_4978  |  16|   0|   16|          0|
    |ap_pipeline_reg_pp0_iter3_rgnMETy_6_reg_4988  |  16|   0|   16|          0|
    |ap_pipeline_reg_pp0_iter3_rgnMETy_7_reg_4998  |  16|   0|   16|          0|
    |ap_pipeline_reg_pp0_iter3_rgnMETy_8_reg_5008  |  16|   0|   16|          0|
    |ap_pipeline_reg_pp0_iter4_tmp_24_reg_5103     |  16|   0|   16|          0|
    |ap_reg_grp_Comp_rgn_et_14_fu_2615_ap_start    |   1|   0|    1|          0|
    |ap_reg_grp_Comp_rgn_et_14_fu_2647_ap_start    |   1|   0|    1|          0|
    |ap_reg_grp_Comp_rgn_et_14_fu_2679_ap_start    |   1|   0|    1|          0|
    |ap_reg_grp_Comp_rgn_et_14_fu_2711_ap_start    |   1|   0|    1|          0|
    |ap_reg_grp_Comp_rgn_et_14_fu_2743_ap_start    |   1|   0|    1|          0|
    |ap_reg_grp_Comp_rgn_et_14_fu_2775_ap_start    |   1|   0|    1|          0|
    |ap_reg_grp_Comp_rgn_et_14_fu_2807_ap_start    |   1|   0|    1|          0|
    |ap_reg_grp_Comp_rgn_et_14_fu_2839_ap_start    |   1|   0|    1|          0|
    |ap_reg_grp_Comp_rgn_et_14_fu_2871_ap_start    |   1|   0|    1|          0|
    |ap_reg_grp_Comp_rgn_et_fu_2557_ap_start       |   1|   0|    1|          0|
    |atan2LUT_load_reg_5148                        |  32|   0|   32|          0|
    |cosLUT_load_10_reg_4729                       |  32|   0|   32|          0|
    |cosLUT_load_11_reg_4739                       |  32|   0|   32|          0|
    |cosLUT_load_12_reg_4797                       |  32|   0|   32|          0|
    |cosLUT_load_13_reg_4807                       |  32|   0|   32|          0|
    |cosLUT_load_14_reg_4817                       |  32|   0|   32|          0|
    |cosLUT_load_15_reg_4875                       |  32|   0|   32|          0|
    |cosLUT_load_16_reg_4885                       |  32|   0|   32|          0|
    |cosLUT_load_17_reg_4895                       |  32|   0|   32|          0|
    |cosLUT_load_1_reg_4465                        |  32|   0|   32|          0|
    |cosLUT_load_2_reg_4475                        |  32|   0|   32|          0|
    |cosLUT_load_3_reg_4548                        |  32|   0|   32|          0|
    |cosLUT_load_4_reg_4558                        |  32|   0|   32|          0|
    |cosLUT_load_5_reg_4568                        |  32|   0|   32|          0|
    |cosLUT_load_6_reg_4641                        |  32|   0|   32|          0|
    |cosLUT_load_7_reg_4651                        |  32|   0|   32|          0|
    |cosLUT_load_8_reg_4661                        |  32|   0|   32|          0|
    |cosLUT_load_9_reg_4719                        |  32|   0|   32|          0|
    |cosLUT_load_reg_4455                          |  32|   0|   32|          0|
    |reg_3062                                      |  16|   0|   16|          0|
    |reg_3066                                      |  16|   0|   16|          0|
    |reg_3070                                      |  16|   0|   16|          0|
    |reg_3074                                      |  16|   0|   16|          0|
    |reg_3078                                      |  16|   0|   16|          0|
    |reg_3082                                      |  16|   0|   16|          0|
    |reg_3086                                      |  16|   0|   16|          0|
    |reg_3090                                      |  16|   0|   16|          0|
    |reg_3094                                      |  16|   0|   16|          0|
    |reg_3098                                      |  32|   0|   32|          0|
    |reg_3103                                      |  32|   0|   32|          0|
    |reg_3108                                      |  32|   0|   32|          0|
    |reg_3113                                      |  32|   0|   32|          0|
    |reg_3118                                      |  32|   0|   32|          0|
    |reg_3123                                      |  32|   0|   32|          0|
    |reg_3128                                      |  21|   0|   21|          0|
    |rgnMETx_0_reg_4923                            |  16|   0|   16|          0|
    |rgnMETx_10_reg_5023                           |  16|   0|   16|          0|
    |rgnMETx_11_reg_5033                           |  16|   0|   16|          0|
    |rgnMETx_12_reg_5043                           |  16|   0|   16|          0|
    |rgnMETx_13_reg_5053                           |  16|   0|   16|          0|
    |rgnMETx_14_reg_5063                           |  16|   0|   16|          0|
    |rgnMETx_15_reg_5073                           |  16|   0|   16|          0|
    |rgnMETx_16_reg_5083                           |  16|   0|   16|          0|
    |rgnMETx_17_reg_5093                           |  16|   0|   16|          0|
    |rgnMETx_1_reg_4933                            |  16|   0|   16|          0|
    |rgnMETx_2_reg_4943                            |  16|   0|   16|          0|
    |rgnMETx_3_reg_4953                            |  16|   0|   16|          0|
    |rgnMETx_4_reg_4963                            |  16|   0|   16|          0|
    |rgnMETx_5_reg_4973                            |  16|   0|   16|          0|
    |rgnMETx_6_reg_4983                            |  16|   0|   16|          0|
    |rgnMETx_7_reg_4993                            |  16|   0|   16|          0|
    |rgnMETx_8_reg_5003                            |  16|   0|   16|          0|
    |rgnMETx_9_reg_5013                            |  16|   0|   16|          0|
    |rgnMETy_0_reg_4928                            |  16|   0|   16|          0|
    |rgnMETy_10_reg_5028                           |  16|   0|   16|          0|
    |rgnMETy_11_reg_5038                           |  16|   0|   16|          0|
    |rgnMETy_12_reg_5048                           |  16|   0|   16|          0|
    |rgnMETy_13_reg_5058                           |  16|   0|   16|          0|
    |rgnMETy_14_reg_5068                           |  16|   0|   16|          0|
    |rgnMETy_15_reg_5078                           |  16|   0|   16|          0|
    |rgnMETy_16_reg_5088                           |  16|   0|   16|          0|
    |rgnMETy_17_reg_5098                           |  16|   0|   16|          0|
    |rgnMETy_1_reg_4938                            |  16|   0|   16|          0|
    |rgnMETy_2_reg_4948                            |  16|   0|   16|          0|
    |rgnMETy_3_reg_4958                            |  16|   0|   16|          0|
    |rgnMETy_4_reg_4968                            |  16|   0|   16|          0|
    |rgnMETy_5_reg_4978                            |  16|   0|   16|          0|
    |rgnMETy_6_reg_4988                            |  16|   0|   16|          0|
    |rgnMETy_7_reg_4998                            |  16|   0|   16|          0|
    |rgnMETy_8_reg_5008                            |  16|   0|   16|          0|
    |rgnMETy_9_reg_5018                            |  16|   0|   16|          0|
    |rgn_read_10_reg_4375                          |  15|   0|   15|          0|
    |rgn_read_11_reg_4380                          |  15|   0|   15|          0|
    |rgn_read_12_reg_4385                          |  15|   0|   15|          0|
    |rgn_read_13_reg_4390                          |  15|   0|   15|          0|
    |rgn_read_14_reg_4395                          |  15|   0|   15|          0|
    |rgn_read_15_reg_4400                          |  15|   0|   15|          0|
    |rgn_read_16_reg_4405                          |  15|   0|   15|          0|
    |rgn_read_1_reg_4310                           |  15|   0|   15|          0|
    |rgn_read_2_reg_4315                           |  15|   0|   15|          0|
    |rgn_read_3_reg_4320                           |  15|   0|   15|          0|
    |rgn_read_4_reg_4325                           |  15|   0|   15|          0|
    |rgn_read_5_reg_4330                           |  15|   0|   15|          0|
    |rgn_read_6_reg_4335                           |  15|   0|   15|          0|
    |rgn_read_7_reg_4345                           |  15|   0|   15|          0|
    |rgn_read_8_reg_4355                           |  15|   0|   15|          0|
    |rgn_read_9_reg_4365                           |  15|   0|   15|          0|
    |rgn_read_reg_4305                             |  15|   0|   15|          0|
    |rgn_read_s_reg_4370                           |  15|   0|   15|          0|
    |sineLUT_load_10_reg_4734                      |  32|   0|   32|          0|
    |sineLUT_load_11_reg_4744                      |  32|   0|   32|          0|
    |sineLUT_load_12_reg_4802                      |  32|   0|   32|          0|
    |sineLUT_load_13_reg_4812                      |  32|   0|   32|          0|
    |sineLUT_load_14_reg_4822                      |  32|   0|   32|          0|
    |sineLUT_load_15_reg_4880                      |  32|   0|   32|          0|
    |sineLUT_load_16_reg_4890                      |  32|   0|   32|          0|
    |sineLUT_load_17_reg_4900                      |  32|   0|   32|          0|
    |sineLUT_load_1_reg_4470                       |  32|   0|   32|          0|
    |sineLUT_load_2_reg_4480                       |  32|   0|   32|          0|
    |sineLUT_load_3_reg_4553                       |  32|   0|   32|          0|
    |sineLUT_load_4_reg_4563                       |  32|   0|   32|          0|
    |sineLUT_load_5_reg_4573                       |  32|   0|   32|          0|
    |sineLUT_load_6_reg_4646                       |  32|   0|   32|          0|
    |sineLUT_load_7_reg_4656                       |  32|   0|   32|          0|
    |sineLUT_load_8_reg_4666                       |  32|   0|   32|          0|
    |sineLUT_load_9_reg_4724                       |  32|   0|   32|          0|
    |sineLUT_load_reg_4460                         |  32|   0|   32|          0|
    |tmp_24_10_reg_4791                            |  32|   0|   32|          0|
    |tmp_24_11_reg_4857                            |  32|   0|   32|          0|
    |tmp_24_12_reg_4863                            |  32|   0|   32|          0|
    |tmp_24_13_reg_4869                            |  32|   0|   32|          0|
    |tmp_24_14_reg_4905                            |  32|   0|   32|          0|
    |tmp_24_15_reg_4911                            |  32|   0|   32|          0|
    |tmp_24_16_reg_4917                            |  32|   0|   32|          0|
    |tmp_24_1_reg_4536                             |  32|   0|   32|          0|
    |tmp_24_2_reg_4542                             |  32|   0|   32|          0|
    |tmp_24_3_reg_4623                             |  32|   0|   32|          0|
    |tmp_24_4_reg_4629                             |  32|   0|   32|          0|
    |tmp_24_5_reg_4635                             |  32|   0|   32|          0|
    |tmp_24_6_reg_4701                             |  32|   0|   32|          0|
    |tmp_24_7_reg_4707                             |  32|   0|   32|          0|
    |tmp_24_8_reg_4713                             |  32|   0|   32|          0|
    |tmp_24_9_reg_4779                             |  32|   0|   32|          0|
    |tmp_24_reg_5103                               |  16|   0|   16|          0|
    |tmp_24_s_reg_4785                             |  32|   0|   32|          0|
    |tmp_25_reg_5113                               |  16|   0|   16|          0|
    |tmp_27_reg_5138                               |  15|   0|   15|          0|
    |tmp_2_reg_4530                                |  32|   0|   32|          0|
    |tmp_cast_cast_24_reg_5128                     |  15|   0|   15|          0|
    |tmp_cast_cast_reg_5123                        |  15|   0|   15|          0|
    |tmp_reg_5133                                  |  15|   0|   15|          0|
    +----------------------------------------------+----+----+-----+-----------+
    |Total                                         |3238|   0| 3238|          0|
    +----------------------------------------------+----+----+-----+-----------+



================================================================
== Interface
================================================================
* Summary: 
+--------------+-----+-----+------------+--------------+--------------+
|   RTL Ports  | Dir | Bits|  Protocol  | Source Object|    C Type    |
+--------------+-----+-----+------------+--------------+--------------+
|ap_clk        |  in |    1| ap_ctrl_hs |    MET_LUT   | return value |
|ap_rst        |  in |    1| ap_ctrl_hs |    MET_LUT   | return value |
|ap_start      |  in |    1| ap_ctrl_hs |    MET_LUT   | return value |
|ap_done       | out |    1| ap_ctrl_hs |    MET_LUT   | return value |
|ap_idle       | out |    1| ap_ctrl_hs |    MET_LUT   | return value |
|ap_ready      | out |    1| ap_ctrl_hs |    MET_LUT   | return value |
|rgnET_0       |  in |   16|   ap_none  |    rgnET_0   |    pointer   |
|rgnET_1       |  in |   16|   ap_none  |    rgnET_1   |    pointer   |
|rgnET_2       |  in |   16|   ap_none  |    rgnET_2   |    pointer   |
|rgnET_3       |  in |   16|   ap_none  |    rgnET_3   |    pointer   |
|rgnET_4       |  in |   16|   ap_none  |    rgnET_4   |    pointer   |
|rgnET_5       |  in |   16|   ap_none  |    rgnET_5   |    pointer   |
|rgnET_6       |  in |   16|   ap_none  |    rgnET_6   |    pointer   |
|rgnET_7       |  in |   16|   ap_none  |    rgnET_7   |    pointer   |
|rgnET_8       |  in |   16|   ap_none  |    rgnET_8   |    pointer   |
|rgnET_9       |  in |   16|   ap_none  |    rgnET_9   |    pointer   |
|rgnET_10      |  in |   16|   ap_none  |   rgnET_10   |    pointer   |
|rgnET_11      |  in |   16|   ap_none  |   rgnET_11   |    pointer   |
|rgnET_12      |  in |   16|   ap_none  |   rgnET_12   |    pointer   |
|rgnET_13      |  in |   16|   ap_none  |   rgnET_13   |    pointer   |
|rgnET_14      |  in |   16|   ap_none  |   rgnET_14   |    pointer   |
|rgnET_15      |  in |   16|   ap_none  |   rgnET_15   |    pointer   |
|rgnET_16      |  in |   16|   ap_none  |   rgnET_16   |    pointer   |
|rgnET_17      |  in |   16|   ap_none  |   rgnET_17   |    pointer   |
|rgnET_18      |  in |   16|   ap_none  |   rgnET_18   |    pointer   |
|rgnET_19      |  in |   16|   ap_none  |   rgnET_19   |    pointer   |
|rgnET_20      |  in |   16|   ap_none  |   rgnET_20   |    pointer   |
|rgnET_21      |  in |   16|   ap_none  |   rgnET_21   |    pointer   |
|rgnET_22      |  in |   16|   ap_none  |   rgnET_22   |    pointer   |
|rgnET_23      |  in |   16|   ap_none  |   rgnET_23   |    pointer   |
|rgnET_24      |  in |   16|   ap_none  |   rgnET_24   |    pointer   |
|rgnET_25      |  in |   16|   ap_none  |   rgnET_25   |    pointer   |
|rgnET_26      |  in |   16|   ap_none  |   rgnET_26   |    pointer   |
|rgnET_27      |  in |   16|   ap_none  |   rgnET_27   |    pointer   |
|rgnET_28      |  in |   16|   ap_none  |   rgnET_28   |    pointer   |
|rgnET_29      |  in |   16|   ap_none  |   rgnET_29   |    pointer   |
|rgnET_30      |  in |   16|   ap_none  |   rgnET_30   |    pointer   |
|rgnET_31      |  in |   16|   ap_none  |   rgnET_31   |    pointer   |
|rgnET_32      |  in |   16|   ap_none  |   rgnET_32   |    pointer   |
|rgnET_33      |  in |   16|   ap_none  |   rgnET_33   |    pointer   |
|rgnET_34      |  in |   16|   ap_none  |   rgnET_34   |    pointer   |
|rgnET_35      |  in |   16|   ap_none  |   rgnET_35   |    pointer   |
|rgnET_36      |  in |   16|   ap_none  |   rgnET_36   |    pointer   |
|rgnET_37      |  in |   16|   ap_none  |   rgnET_37   |    pointer   |
|rgnET_38      |  in |   16|   ap_none  |   rgnET_38   |    pointer   |
|rgnET_39      |  in |   16|   ap_none  |   rgnET_39   |    pointer   |
|rgnET_40      |  in |   16|   ap_none  |   rgnET_40   |    pointer   |
|rgnET_41      |  in |   16|   ap_none  |   rgnET_41   |    pointer   |
|rgnET_42      |  in |   16|   ap_none  |   rgnET_42   |    pointer   |
|rgnET_43      |  in |   16|   ap_none  |   rgnET_43   |    pointer   |
|rgnET_44      |  in |   16|   ap_none  |   rgnET_44   |    pointer   |
|rgnET_45      |  in |   16|   ap_none  |   rgnET_45   |    pointer   |
|rgnET_46      |  in |   16|   ap_none  |   rgnET_46   |    pointer   |
|rgnET_47      |  in |   16|   ap_none  |   rgnET_47   |    pointer   |
|rgnET_48      |  in |   16|   ap_none  |   rgnET_48   |    pointer   |
|rgnET_49      |  in |   16|   ap_none  |   rgnET_49   |    pointer   |
|rgnET_50      |  in |   16|   ap_none  |   rgnET_50   |    pointer   |
|rgnET_51      |  in |   16|   ap_none  |   rgnET_51   |    pointer   |
|rgnET_52      |  in |   16|   ap_none  |   rgnET_52   |    pointer   |
|rgnET_53      |  in |   16|   ap_none  |   rgnET_53   |    pointer   |
|rgnET_54      |  in |   16|   ap_none  |   rgnET_54   |    pointer   |
|rgnET_55      |  in |   16|   ap_none  |   rgnET_55   |    pointer   |
|rgnET_56      |  in |   16|   ap_none  |   rgnET_56   |    pointer   |
|rgnET_57      |  in |   16|   ap_none  |   rgnET_57   |    pointer   |
|rgnET_58      |  in |   16|   ap_none  |   rgnET_58   |    pointer   |
|rgnET_59      |  in |   16|   ap_none  |   rgnET_59   |    pointer   |
|rgnET_60      |  in |   16|   ap_none  |   rgnET_60   |    pointer   |
|rgnET_61      |  in |   16|   ap_none  |   rgnET_61   |    pointer   |
|rgnET_62      |  in |   16|   ap_none  |   rgnET_62   |    pointer   |
|rgnET_63      |  in |   16|   ap_none  |   rgnET_63   |    pointer   |
|rgnET_64      |  in |   16|   ap_none  |   rgnET_64   |    pointer   |
|rgnET_65      |  in |   16|   ap_none  |   rgnET_65   |    pointer   |
|rgnET_66      |  in |   16|   ap_none  |   rgnET_66   |    pointer   |
|rgnET_67      |  in |   16|   ap_none  |   rgnET_67   |    pointer   |
|rgnET_68      |  in |   16|   ap_none  |   rgnET_68   |    pointer   |
|rgnET_69      |  in |   16|   ap_none  |   rgnET_69   |    pointer   |
|rgnET_70      |  in |   16|   ap_none  |   rgnET_70   |    pointer   |
|rgnET_71      |  in |   16|   ap_none  |   rgnET_71   |    pointer   |
|rgnET_72      |  in |   16|   ap_none  |   rgnET_72   |    pointer   |
|rgnET_73      |  in |   16|   ap_none  |   rgnET_73   |    pointer   |
|rgnET_74      |  in |   16|   ap_none  |   rgnET_74   |    pointer   |
|rgnET_75      |  in |   16|   ap_none  |   rgnET_75   |    pointer   |
|rgnET_76      |  in |   16|   ap_none  |   rgnET_76   |    pointer   |
|rgnET_77      |  in |   16|   ap_none  |   rgnET_77   |    pointer   |
|rgnET_78      |  in |   16|   ap_none  |   rgnET_78   |    pointer   |
|rgnET_79      |  in |   16|   ap_none  |   rgnET_79   |    pointer   |
|rgnET_80      |  in |   16|   ap_none  |   rgnET_80   |    pointer   |
|rgnET_81      |  in |   16|   ap_none  |   rgnET_81   |    pointer   |
|rgnET_82      |  in |   16|   ap_none  |   rgnET_82   |    pointer   |
|rgnET_83      |  in |   16|   ap_none  |   rgnET_83   |    pointer   |
|rgnET_84      |  in |   16|   ap_none  |   rgnET_84   |    pointer   |
|rgnET_85      |  in |   16|   ap_none  |   rgnET_85   |    pointer   |
|rgnET_86      |  in |   16|   ap_none  |   rgnET_86   |    pointer   |
|rgnET_87      |  in |   16|   ap_none  |   rgnET_87   |    pointer   |
|rgnET_88      |  in |   16|   ap_none  |   rgnET_88   |    pointer   |
|rgnET_89      |  in |   16|   ap_none  |   rgnET_89   |    pointer   |
|rgnET_90      |  in |   16|   ap_none  |   rgnET_90   |    pointer   |
|rgnET_91      |  in |   16|   ap_none  |   rgnET_91   |    pointer   |
|rgnET_92      |  in |   16|   ap_none  |   rgnET_92   |    pointer   |
|rgnET_93      |  in |   16|   ap_none  |   rgnET_93   |    pointer   |
|rgnET_94      |  in |   16|   ap_none  |   rgnET_94   |    pointer   |
|rgnET_95      |  in |   16|   ap_none  |   rgnET_95   |    pointer   |
|rgnET_96      |  in |   16|   ap_none  |   rgnET_96   |    pointer   |
|rgnET_97      |  in |   16|   ap_none  |   rgnET_97   |    pointer   |
|rgnET_98      |  in |   16|   ap_none  |   rgnET_98   |    pointer   |
|rgnET_99      |  in |   16|   ap_none  |   rgnET_99   |    pointer   |
|rgnET_100     |  in |   16|   ap_none  |   rgnET_100  |    pointer   |
|rgnET_101     |  in |   16|   ap_none  |   rgnET_101  |    pointer   |
|rgnET_102     |  in |   16|   ap_none  |   rgnET_102  |    pointer   |
|rgnET_103     |  in |   16|   ap_none  |   rgnET_103  |    pointer   |
|rgnET_104     |  in |   16|   ap_none  |   rgnET_104  |    pointer   |
|rgnET_105     |  in |   16|   ap_none  |   rgnET_105  |    pointer   |
|rgnET_106     |  in |   16|   ap_none  |   rgnET_106  |    pointer   |
|rgnET_107     |  in |   16|   ap_none  |   rgnET_107  |    pointer   |
|rgnET_108     |  in |   16|   ap_none  |   rgnET_108  |    pointer   |
|rgnET_109     |  in |   16|   ap_none  |   rgnET_109  |    pointer   |
|rgnET_110     |  in |   16|   ap_none  |   rgnET_110  |    pointer   |
|rgnET_111     |  in |   16|   ap_none  |   rgnET_111  |    pointer   |
|rgnET_112     |  in |   16|   ap_none  |   rgnET_112  |    pointer   |
|rgnET_113     |  in |   16|   ap_none  |   rgnET_113  |    pointer   |
|rgnET_114     |  in |   16|   ap_none  |   rgnET_114  |    pointer   |
|rgnET_115     |  in |   16|   ap_none  |   rgnET_115  |    pointer   |
|rgnET_116     |  in |   16|   ap_none  |   rgnET_116  |    pointer   |
|rgnET_117     |  in |   16|   ap_none  |   rgnET_117  |    pointer   |
|rgnET_118     |  in |   16|   ap_none  |   rgnET_118  |    pointer   |
|rgnET_119     |  in |   16|   ap_none  |   rgnET_119  |    pointer   |
|rgnET_120     |  in |   16|   ap_none  |   rgnET_120  |    pointer   |
|rgnET_121     |  in |   16|   ap_none  |   rgnET_121  |    pointer   |
|rgnET_122     |  in |   16|   ap_none  |   rgnET_122  |    pointer   |
|rgnET_123     |  in |   16|   ap_none  |   rgnET_123  |    pointer   |
|rgnET_124     |  in |   16|   ap_none  |   rgnET_124  |    pointer   |
|rgnET_125     |  in |   16|   ap_none  |   rgnET_125  |    pointer   |
|rgnET_126     |  in |   16|   ap_none  |   rgnET_126  |    pointer   |
|rgnET_127     |  in |   16|   ap_none  |   rgnET_127  |    pointer   |
|rgnET_128     |  in |   16|   ap_none  |   rgnET_128  |    pointer   |
|rgnET_129     |  in |   16|   ap_none  |   rgnET_129  |    pointer   |
|rgnET_130     |  in |   16|   ap_none  |   rgnET_130  |    pointer   |
|rgnET_131     |  in |   16|   ap_none  |   rgnET_131  |    pointer   |
|rgnET_132     |  in |   16|   ap_none  |   rgnET_132  |    pointer   |
|rgnET_133     |  in |   16|   ap_none  |   rgnET_133  |    pointer   |
|rgnET_134     |  in |   16|   ap_none  |   rgnET_134  |    pointer   |
|rgnET_135     |  in |   16|   ap_none  |   rgnET_135  |    pointer   |
|rgnET_136     |  in |   16|   ap_none  |   rgnET_136  |    pointer   |
|rgnET_137     |  in |   16|   ap_none  |   rgnET_137  |    pointer   |
|rgnET_138     |  in |   16|   ap_none  |   rgnET_138  |    pointer   |
|rgnET_139     |  in |   16|   ap_none  |   rgnET_139  |    pointer   |
|rgnET_140     |  in |   16|   ap_none  |   rgnET_140  |    pointer   |
|rgnET_141     |  in |   16|   ap_none  |   rgnET_141  |    pointer   |
|rgnET_142     |  in |   16|   ap_none  |   rgnET_142  |    pointer   |
|rgnET_143     |  in |   16|   ap_none  |   rgnET_143  |    pointer   |
|rgnET_144     |  in |   16|   ap_none  |   rgnET_144  |    pointer   |
|rgnET_145     |  in |   16|   ap_none  |   rgnET_145  |    pointer   |
|rgnET_146     |  in |   16|   ap_none  |   rgnET_146  |    pointer   |
|rgnET_147     |  in |   16|   ap_none  |   rgnET_147  |    pointer   |
|rgnET_148     |  in |   16|   ap_none  |   rgnET_148  |    pointer   |
|rgnET_149     |  in |   16|   ap_none  |   rgnET_149  |    pointer   |
|rgnET_150     |  in |   16|   ap_none  |   rgnET_150  |    pointer   |
|rgnET_151     |  in |   16|   ap_none  |   rgnET_151  |    pointer   |
|rgnET_152     |  in |   16|   ap_none  |   rgnET_152  |    pointer   |
|rgnET_153     |  in |   16|   ap_none  |   rgnET_153  |    pointer   |
|rgnET_154     |  in |   16|   ap_none  |   rgnET_154  |    pointer   |
|rgnET_155     |  in |   16|   ap_none  |   rgnET_155  |    pointer   |
|rgnET_156     |  in |   16|   ap_none  |   rgnET_156  |    pointer   |
|rgnET_157     |  in |   16|   ap_none  |   rgnET_157  |    pointer   |
|rgnET_158     |  in |   16|   ap_none  |   rgnET_158  |    pointer   |
|rgnET_159     |  in |   16|   ap_none  |   rgnET_159  |    pointer   |
|rgnET_160     |  in |   16|   ap_none  |   rgnET_160  |    pointer   |
|rgnET_161     |  in |   16|   ap_none  |   rgnET_161  |    pointer   |
|rgnET_162     |  in |   16|   ap_none  |   rgnET_162  |    pointer   |
|rgnET_163     |  in |   16|   ap_none  |   rgnET_163  |    pointer   |
|rgnET_164     |  in |   16|   ap_none  |   rgnET_164  |    pointer   |
|rgnET_165     |  in |   16|   ap_none  |   rgnET_165  |    pointer   |
|rgnET_166     |  in |   16|   ap_none  |   rgnET_166  |    pointer   |
|rgnET_167     |  in |   16|   ap_none  |   rgnET_167  |    pointer   |
|rgnET_168     |  in |   16|   ap_none  |   rgnET_168  |    pointer   |
|rgnET_169     |  in |   16|   ap_none  |   rgnET_169  |    pointer   |
|rgnET_170     |  in |   16|   ap_none  |   rgnET_170  |    pointer   |
|rgnET_171     |  in |   16|   ap_none  |   rgnET_171  |    pointer   |
|rgnET_172     |  in |   16|   ap_none  |   rgnET_172  |    pointer   |
|rgnET_173     |  in |   16|   ap_none  |   rgnET_173  |    pointer   |
|rgnET_174     |  in |   16|   ap_none  |   rgnET_174  |    pointer   |
|rgnET_175     |  in |   16|   ap_none  |   rgnET_175  |    pointer   |
|rgnET_176     |  in |   16|   ap_none  |   rgnET_176  |    pointer   |
|rgnET_177     |  in |   16|   ap_none  |   rgnET_177  |    pointer   |
|rgnET_178     |  in |   16|   ap_none  |   rgnET_178  |    pointer   |
|rgnET_179     |  in |   16|   ap_none  |   rgnET_179  |    pointer   |
|rgnET_180     |  in |   16|   ap_none  |   rgnET_180  |    pointer   |
|rgnET_181     |  in |   16|   ap_none  |   rgnET_181  |    pointer   |
|rgnET_182     |  in |   16|   ap_none  |   rgnET_182  |    pointer   |
|rgnET_183     |  in |   16|   ap_none  |   rgnET_183  |    pointer   |
|rgnET_184     |  in |   16|   ap_none  |   rgnET_184  |    pointer   |
|rgnET_185     |  in |   16|   ap_none  |   rgnET_185  |    pointer   |
|rgnET_186     |  in |   16|   ap_none  |   rgnET_186  |    pointer   |
|rgnET_187     |  in |   16|   ap_none  |   rgnET_187  |    pointer   |
|rgnET_188     |  in |   16|   ap_none  |   rgnET_188  |    pointer   |
|rgnET_189     |  in |   16|   ap_none  |   rgnET_189  |    pointer   |
|rgnET_190     |  in |   16|   ap_none  |   rgnET_190  |    pointer   |
|rgnET_191     |  in |   16|   ap_none  |   rgnET_191  |    pointer   |
|rgnET_192     |  in |   16|   ap_none  |   rgnET_192  |    pointer   |
|rgnET_193     |  in |   16|   ap_none  |   rgnET_193  |    pointer   |
|rgnET_194     |  in |   16|   ap_none  |   rgnET_194  |    pointer   |
|rgnET_195     |  in |   16|   ap_none  |   rgnET_195  |    pointer   |
|rgnET_196     |  in |   16|   ap_none  |   rgnET_196  |    pointer   |
|rgnET_197     |  in |   16|   ap_none  |   rgnET_197  |    pointer   |
|rgnET_198     |  in |   16|   ap_none  |   rgnET_198  |    pointer   |
|rgnET_199     |  in |   16|   ap_none  |   rgnET_199  |    pointer   |
|rgnET_200     |  in |   16|   ap_none  |   rgnET_200  |    pointer   |
|rgnET_201     |  in |   16|   ap_none  |   rgnET_201  |    pointer   |
|rgnET_202     |  in |   16|   ap_none  |   rgnET_202  |    pointer   |
|rgnET_203     |  in |   16|   ap_none  |   rgnET_203  |    pointer   |
|rgnET_204     |  in |   16|   ap_none  |   rgnET_204  |    pointer   |
|rgnET_205     |  in |   16|   ap_none  |   rgnET_205  |    pointer   |
|rgnET_206     |  in |   16|   ap_none  |   rgnET_206  |    pointer   |
|rgnET_207     |  in |   16|   ap_none  |   rgnET_207  |    pointer   |
|rgnET_208     |  in |   16|   ap_none  |   rgnET_208  |    pointer   |
|rgnET_209     |  in |   16|   ap_none  |   rgnET_209  |    pointer   |
|rgnET_210     |  in |   16|   ap_none  |   rgnET_210  |    pointer   |
|rgnET_211     |  in |   16|   ap_none  |   rgnET_211  |    pointer   |
|rgnET_212     |  in |   16|   ap_none  |   rgnET_212  |    pointer   |
|rgnET_213     |  in |   16|   ap_none  |   rgnET_213  |    pointer   |
|rgnET_214     |  in |   16|   ap_none  |   rgnET_214  |    pointer   |
|rgnET_215     |  in |   16|   ap_none  |   rgnET_215  |    pointer   |
|rgnET_216     |  in |   16|   ap_none  |   rgnET_216  |    pointer   |
|rgnET_217     |  in |   16|   ap_none  |   rgnET_217  |    pointer   |
|rgnET_218     |  in |   16|   ap_none  |   rgnET_218  |    pointer   |
|rgnET_219     |  in |   16|   ap_none  |   rgnET_219  |    pointer   |
|rgnET_220     |  in |   16|   ap_none  |   rgnET_220  |    pointer   |
|rgnET_221     |  in |   16|   ap_none  |   rgnET_221  |    pointer   |
|rgnET_222     |  in |   16|   ap_none  |   rgnET_222  |    pointer   |
|rgnET_223     |  in |   16|   ap_none  |   rgnET_223  |    pointer   |
|rgnET_224     |  in |   16|   ap_none  |   rgnET_224  |    pointer   |
|rgnET_225     |  in |   16|   ap_none  |   rgnET_225  |    pointer   |
|rgnET_226     |  in |   16|   ap_none  |   rgnET_226  |    pointer   |
|rgnET_227     |  in |   16|   ap_none  |   rgnET_227  |    pointer   |
|rgnET_228     |  in |   16|   ap_none  |   rgnET_228  |    pointer   |
|rgnET_229     |  in |   16|   ap_none  |   rgnET_229  |    pointer   |
|rgnET_230     |  in |   16|   ap_none  |   rgnET_230  |    pointer   |
|rgnET_231     |  in |   16|   ap_none  |   rgnET_231  |    pointer   |
|rgnET_232     |  in |   16|   ap_none  |   rgnET_232  |    pointer   |
|rgnET_233     |  in |   16|   ap_none  |   rgnET_233  |    pointer   |
|rgnET_234     |  in |   16|   ap_none  |   rgnET_234  |    pointer   |
|rgnET_235     |  in |   16|   ap_none  |   rgnET_235  |    pointer   |
|rgnET_236     |  in |   16|   ap_none  |   rgnET_236  |    pointer   |
|rgnET_237     |  in |   16|   ap_none  |   rgnET_237  |    pointer   |
|rgnET_238     |  in |   16|   ap_none  |   rgnET_238  |    pointer   |
|rgnET_239     |  in |   16|   ap_none  |   rgnET_239  |    pointer   |
|rgnET_240     |  in |   16|   ap_none  |   rgnET_240  |    pointer   |
|rgnET_241     |  in |   16|   ap_none  |   rgnET_241  |    pointer   |
|rgnET_242     |  in |   16|   ap_none  |   rgnET_242  |    pointer   |
|rgnET_243     |  in |   16|   ap_none  |   rgnET_243  |    pointer   |
|rgnET_244     |  in |   16|   ap_none  |   rgnET_244  |    pointer   |
|rgnET_245     |  in |   16|   ap_none  |   rgnET_245  |    pointer   |
|rgnET_246     |  in |   16|   ap_none  |   rgnET_246  |    pointer   |
|rgnET_247     |  in |   16|   ap_none  |   rgnET_247  |    pointer   |
|rgnET_248     |  in |   16|   ap_none  |   rgnET_248  |    pointer   |
|rgnET_249     |  in |   16|   ap_none  |   rgnET_249  |    pointer   |
|rgnET_250     |  in |   16|   ap_none  |   rgnET_250  |    pointer   |
|rgnET_251     |  in |   16|   ap_none  |   rgnET_251  |    pointer   |
|rgnPhi_0      |  in |   16|   ap_none  |   rgnPhi_0   |    pointer   |
|rgnPhi_1      |  in |   16|   ap_none  |   rgnPhi_1   |    pointer   |
|rgnPhi_2      |  in |   16|   ap_none  |   rgnPhi_2   |    pointer   |
|rgnPhi_3      |  in |   16|   ap_none  |   rgnPhi_3   |    pointer   |
|rgnPhi_4      |  in |   16|   ap_none  |   rgnPhi_4   |    pointer   |
|rgnPhi_5      |  in |   16|   ap_none  |   rgnPhi_5   |    pointer   |
|rgnPhi_6      |  in |   16|   ap_none  |   rgnPhi_6   |    pointer   |
|rgnPhi_7      |  in |   16|   ap_none  |   rgnPhi_7   |    pointer   |
|rgnPhi_8      |  in |   16|   ap_none  |   rgnPhi_8   |    pointer   |
|rgnPhi_9      |  in |   16|   ap_none  |   rgnPhi_9   |    pointer   |
|rgnPhi_10     |  in |   16|   ap_none  |   rgnPhi_10  |    pointer   |
|rgnPhi_11     |  in |   16|   ap_none  |   rgnPhi_11  |    pointer   |
|rgnPhi_12     |  in |   16|   ap_none  |   rgnPhi_12  |    pointer   |
|rgnPhi_13     |  in |   16|   ap_none  |   rgnPhi_13  |    pointer   |
|rgnPhi_14     |  in |   16|   ap_none  |   rgnPhi_14  |    pointer   |
|rgnPhi_15     |  in |   16|   ap_none  |   rgnPhi_15  |    pointer   |
|rgnPhi_16     |  in |   16|   ap_none  |   rgnPhi_16  |    pointer   |
|rgnPhi_17     |  in |   16|   ap_none  |   rgnPhi_17  |    pointer   |
|MET_0         | out |   16|   ap_vld   |     MET_0    |    pointer   |
|MET_0_ap_vld  | out |    1|   ap_vld   |     MET_0    |    pointer   |
|MET_1         | out |   16|   ap_vld   |     MET_1    |    pointer   |
|MET_1_ap_vld  | out |    1|   ap_vld   |     MET_1    |    pointer   |
|MET_2         | out |   16|   ap_vld   |     MET_2    |    pointer   |
|MET_2_ap_vld  | out |    1|   ap_vld   |     MET_2    |    pointer   |
+--------------+-----+-----+------------+--------------+--------------+

