#-----------------------------------------------------------
# Vivado v2017.2 (64-bit)
# SW Build 1909853 on Thu Jun 15 18:39:10 MDT 2017
# IP Build 1909766 on Thu Jun 15 19:58:00 MDT 2017
# Start of session at: Tue Jul 25 14:20:37 2017
# Process ID: 19680
# Current directory: /home/alex
# Command line: vivado
# Log file: /home/alex/vivado.log
# Journal file: /home/alex/vivado.jou
#-----------------------------------------------------------
start_gui
open_project /data/alex/ipmc/ipmc_zynq_vivado/ipmc_zynq_vivado.xpr
archive_project /data/alex/ipmc/ipmc_zynq_vivado.xpr.zip -force -exclude_run_results -include_config_settings
update_compile_order -fileset sources_1
close_project
open_project /data/alex/ipmc/ipmc_ctrl_testboard/ipmc_ctrl_testboard.xpr
report_ip_status -name ip_status 
update_compile_order -fileset sources_1
upgrade_ip [get_ips  {design_1_xlslice_0_0 design_1_xvc_0_0 design_1_xlconcat_1_1 design_1_axi_interconnect_0_0 design_1_xlslice_0_1 design_1_processing_system7_0_0 design_1_xlconcat_1_2 design_1_proc_sys_reset_0_0 design_1_axi_gpio_0_0}] -log ip_upgrade.log
export_ip_user_files -of_objects [get_ips {design_1_xlslice_0_0 design_1_xvc_0_0 design_1_xlconcat_1_1 design_1_axi_interconnect_0_0 design_1_xlslice_0_1 design_1_processing_system7_0_0 design_1_xlconcat_1_2 design_1_proc_sys_reset_0_0 design_1_axi_gpio_0_0}] -no_script -sync -force -quiet
generate_target all [get_files  /data/alex/ipmc/ipmc_ctrl_testboard/ipmc_ctrl_testboard.srcs/sources_1/bd/design_1/design_1.bd]
export_ip_user_files -of_objects [get_files /data/alex/ipmc/ipmc_ctrl_testboard/ipmc_ctrl_testboard.srcs/sources_1/bd/design_1/design_1.bd] -no_script -sync -force -quiet
export_simulation -of_objects [get_files /data/alex/ipmc/ipmc_ctrl_testboard/ipmc_ctrl_testboard.srcs/sources_1/bd/design_1/design_1.bd] -directory /data/alex/ipmc/ipmc_ctrl_testboard/ipmc_ctrl_testboard.ip_user_files/sim_scripts -ip_user_files_dir /data/alex/ipmc/ipmc_ctrl_testboard/ipmc_ctrl_testboard.ip_user_files -ipstatic_source_dir /data/alex/ipmc/ipmc_ctrl_testboard/ipmc_ctrl_testboard.ip_user_files/ipstatic -lib_map_path [list {modelsim=/data/alex/ipmc/ipmc_ctrl_testboard/ipmc_ctrl_testboard.cache/compile_simlib/modelsim} {questa=/data/alex/ipmc/ipmc_ctrl_testboard/ipmc_ctrl_testboard.cache/compile_simlib/questa} {ies=/data/alex/ipmc/ipmc_ctrl_testboard/ipmc_ctrl_testboard.cache/compile_simlib/ies} {vcs=/data/alex/ipmc/ipmc_ctrl_testboard/ipmc_ctrl_testboard.cache/compile_simlib/vcs} {riviera=/data/alex/ipmc/ipmc_ctrl_testboard/ipmc_ctrl_testboard.cache/compile_simlib/riviera}] -use_ip_compiled_libs -force -quiet
reset_run synth_1
launch_runs impl_1 -to_step write_bitstream -jobs 8
wait_on_run impl_1
open_run impl_1
archive_project /data/alex/ipmc/ipmc_ctrl_testboard.xpr.zip -force -exclude_run_results -include_config_settings
